MPLINK 4.40, Linker
Linker Map File - Created Sat Nov 29 01:52:49 2014

                                 Section Info
                  Section       Type    Address   Location Size(Bytes)
                ---------  ---------  ---------  ---------  ---------
               _entry_scn       code   0x000000    program   0x000006
                   .cinit    romdata   0x000006    program   0x00000e
        .romdata_ks0108.o    romdata   0x000014    program   0x000cc3
        .romdata___init.o    romdata   0x000cd7    program   0x000000
        .idata___init.o_i    romdata   0x000cd7    program   0x000000
          .romdata_game.o    romdata   0x000cd7    program   0x000000
          .idata_game.o_i    romdata   0x000cd7    program   0x000000
         .romdata_music.o    romdata   0x000cd7    program   0x000000
          .romdata_mask.o    romdata   0x000cd7    program   0x000000
          .idata_mask.o_i    romdata   0x000cd7    program   0x000000
        .romdata_design.o    romdata   0x000cd7    program   0x000000
        .idata_design.o_i    romdata   0x000cd7    program   0x000000
         .idata_c018i.o_i    romdata   0x000cd7    program   0x000000
        .idata_ks0108.o_i    romdata   0x000cd7    program   0x000000
         .romdata_c018i.o    romdata   0x000cd7    program   0x000000
          .romdata_main.o    romdata   0x000cd7    program   0x000000
          .idata_main.o_i    romdata   0x000cd7    program   0x000000
           .code_design.o       code   0x000cd8    program   0x00085e
            .code_c018i.o       code   0x000cd8    program   0x000000
           .code_ks0108.o       code   0x001536    program   0x000552
            .code_music.o       code   0x001a88    program   0x00011a
             .code_game.o       code   0x001ba2    program   0x0000b4
               _cinit_scn       code   0x001c56    program   0x00009e
             .code_main.o       code   0x001cf4    program   0x000064
             .code_mask.o       code   0x001d58    program   0x000044
             D10KTCYXCODE       code   0x001d9c    program   0x00002e
                    .code       code   0x001dca    program   0x000020
             _startup_scn       code   0x001dea    program   0x00001c
             D100TCYXCODE       code   0x001e06    program   0x00001c
              D10TCYXCODE       code   0x001e22    program   0x000016
           .code___init.o       code   0x001e38    program   0x000002
         .idata_music.o_i    romdata   0x001e3a    program   0x000010
                MATH_DATA      udata   0x000000       data   0x000002
                 .tmpdata      udata   0x000002       data   0x000002
                DELAYDAT2      udata   0x000004       data   0x000001
                DELAYDAT1      udata   0x000005       data   0x000001
           .idata_music.o      idata   0x000060       data   0x000010
           .udata_c018i.o      udata   0x000070       data   0x00000a
            .udata_main.o      udata   0x00007a       data   0x000004
          .udata_ks0108.o      udata   0x00007e       data   0x000002
          .idata___init.o      idata   0x000080       data   0x000000
          .udata___init.o      udata   0x000080       data   0x000000
            .idata_game.o      idata   0x000080       data   0x000000
            .udata_game.o      udata   0x000080       data   0x000000
           .udata_music.o      udata   0x000080       data   0x000000
            .idata_mask.o      idata   0x000080       data   0x000000
            .udata_mask.o      udata   0x000080       data   0x000000
          .idata_design.o      idata   0x000080       data   0x000000
          .udata_design.o      udata   0x000080       data   0x000000
          .idata_ks0108.o      idata   0x000080       data   0x000000
            .idata_main.o      idata   0x000080       data   0x000000
           .idata_c018i.o      idata   0x000080       data   0x000000
                   .stack      udata   0x000500       data   0x000100
              SFR_BANKED0      udata   0x000f38       data   0x000028
            SFR_UNBANKED0      udata   0x000f60       data   0x0000a0



                              Program Memory Usage 
                               Start         End      
                           ---------   ---------      
                            0x000000    0x000cd6      
                            0x000cd8    0x001e49      
            7753 out of 33048 program addresses used, program memory utilization is 23%



                              Symbols - Sorted by Name
                     Name    Address   Location    Storage File                     
                ---------  ---------  ---------  --------- ---------                
                   D100_1   0x001e14    program     static C:\MCC18\v3_39\src\traditional\delays\d100tcyx.asm
                    D100x   0x001e12    program     static C:\MCC18\v3_39\src\traditional\delays\d100tcyx.asm
                   D10K_1   0x001da8    program     static C:\MCC18\v3_39\src\traditional\delays\d10ktcyx.asm
                    D10Kl   0x001db4    program     static C:\MCC18\v3_39\src\traditional\delays\d10ktcyx.asm
                    D10Kx   0x001da6    program     static C:\MCC18\v3_39\src\traditional\delays\d10ktcyx.asm
                    D10_1   0x001e32    program     static C:\MCC18\v3_39\src\traditional\delays\d10tcyx.asm
                     D10x   0x001e2a    program     static C:\MCC18\v3_39\src\traditional\delays\d10tcyx.asm
             Delay100TCYx   0x001e06    program     extern C:\MCC18\v3_39\src\traditional\delays\d100tcyx.asm
             Delay10KTCYx   0x001d9c    program     extern C:\MCC18\v3_39\src\traditional\delays\d10ktcyx.asm
              Delay10TCYx   0x001e22    program     extern C:\MCC18\v3_39\src\traditional\delays\d10tcyx.asm
                  Font3x6   0x000414    program     extern /home/thibaut/workspace/ING4/microcontrollers/PicPicHero/src/ks0108.c
                  Font8x8   0x0004d7    program     extern /home/thibaut/workspace/ING4/microcontrollers/PicPicHero/src/ks0108.c
                Get_n_bit   0x001d58    program     extern /home/thibaut/workspace/ING4/microcontrollers/PicPicHero/src/mask.c
       _D100TCYXCODE_0008   0x001e0e    program     static C:\MCC18\v3_39\src\traditional\delays\d100tcyx.asm
       _D100TCYXCODE_0012   0x001e18    program     static C:\MCC18\v3_39\src\traditional\delays\d100tcyx.asm
       _D100TCYXCODE_0018   0x001e1e    program     static C:\MCC18\v3_39\src\traditional\delays\d100tcyx.asm
       _D10KTCYXCODE_0010   0x001dac    program     static C:\MCC18\v3_39\src\traditional\delays\d10ktcyx.asm
       _D10KTCYXCODE_001C   0x001db8    program     static C:\MCC18\v3_39\src\traditional\delays\d10ktcyx.asm
        _D10TCYXCODE_000A   0x001e2c    program     static C:\MCC18\v3_39\src\traditional\delays\d10tcyx.asm
        _D10TCYXCODE_000C   0x001e2e    program     static C:\MCC18\v3_39\src\traditional\delays\d10tcyx.asm
        _D10TCYXCODE_000E   0x001e30    program     static C:\MCC18\v3_39\src\traditional\delays\d10tcyx.asm
         ___else_lbl00002   0x0015cc    program     static                          
         ___else_lbl00005   0x001614    program     static                          
         ___else_lbl00008   0x00164c    program     static                          
           ___if_lbl00001   0x0015e6    program     static                          
           ___if_lbl00004   0x001618    program     static                          
           ___if_lbl00007   0x001650    program     static                          
       ___return_lbl00000   0x0015ec    program     static                          
       ___return_lbl00000   0x000004    program     static                          
       ___return_lbl00001   0x001e04    program     static                          
       ___return_lbl00002   0x001cf2    program     static                          
       ___return_lbl00003   0x00162e    program     static                          
       ___return_lbl00006   0x001668    program     static                          
                   __init   0x001e38    program     extern C:\MCC18\v3_39\src\traditional\stdclib\__init.c
                   __pa_0   0x0013ac    program     static /home/thibaut/workspace/ING4/microcontrollers/PicPicHero/src/design.c
                   __pa_0   0x001b9a    program     static /home/thibaut/workspace/ING4/microcontrollers/PicPicHero/src/music.c
                   __pa_0   0x001c24    program     static /home/thibaut/workspace/ING4/microcontrollers/PicPicHero/src/game.c
                   __pa_0   0x00193e    program     static /home/thibaut/workspace/ING4/microcontrollers/PicPicHero/src/ks0108.c
                   __pa_1   0x0013ba    program     static /home/thibaut/workspace/ING4/microcontrollers/PicPicHero/src/design.c
                   __pa_1   0x001c36    program     static /home/thibaut/workspace/ING4/microcontrollers/PicPicHero/src/game.c
                   __pa_1   0x001946    program     static /home/thibaut/workspace/ING4/microcontrollers/PicPicHero/src/ks0108.c
                  __pa_10   0x0019f2    program     static /home/thibaut/workspace/ING4/microcontrollers/PicPicHero/src/ks0108.c
                  __pa_10   0x00143a    program     static /home/thibaut/workspace/ING4/microcontrollers/PicPicHero/src/design.c
                  __pa_11   0x001a00    program     static /home/thibaut/workspace/ING4/microcontrollers/PicPicHero/src/ks0108.c
                  __pa_11   0x001444    program     static /home/thibaut/workspace/ING4/microcontrollers/PicPicHero/src/design.c
                  __pa_12   0x001450    program     static /home/thibaut/workspace/ING4/microcontrollers/PicPicHero/src/design.c
                  __pa_12   0x001a0a    program     static /home/thibaut/workspace/ING4/microcontrollers/PicPicHero/src/ks0108.c
                  __pa_13   0x00145c    program     static /home/thibaut/workspace/ING4/microcontrollers/PicPicHero/src/design.c
                  __pa_13   0x001a3c    program     static /home/thibaut/workspace/ING4/microcontrollers/PicPicHero/src/ks0108.c
                  __pa_14   0x001a46    program     static /home/thibaut/workspace/ING4/microcontrollers/PicPicHero/src/ks0108.c
                  __pa_14   0x001468    program     static /home/thibaut/workspace/ING4/microcontrollers/PicPicHero/src/design.c
                  __pa_15   0x001a50    program     static /home/thibaut/workspace/ING4/microcontrollers/PicPicHero/src/ks0108.c
                  __pa_15   0x001476    program     static /home/thibaut/workspace/ING4/microcontrollers/PicPicHero/src/design.c
                  __pa_16   0x001a5a    program     static /home/thibaut/workspace/ING4/microcontrollers/PicPicHero/src/ks0108.c
                  __pa_16   0x001484    program     static /home/thibaut/workspace/ING4/microcontrollers/PicPicHero/src/design.c
                  __pa_17   0x001a60    program     static /home/thibaut/workspace/ING4/microcontrollers/PicPicHero/src/ks0108.c
                  __pa_17   0x00148e    program     static /home/thibaut/workspace/ING4/microcontrollers/PicPicHero/src/design.c
                  __pa_18   0x001a6c    program     static /home/thibaut/workspace/ING4/microcontrollers/PicPicHero/src/ks0108.c
                  __pa_18   0x001498    program     static /home/thibaut/workspace/ING4/microcontrollers/PicPicHero/src/design.c
                  __pa_19   0x001a74    program     static /home/thibaut/workspace/ING4/microcontrollers/PicPicHero/src/ks0108.c
                  __pa_19   0x0014a2    program     static /home/thibaut/workspace/ING4/microcontrollers/PicPicHero/src/design.c
                   __pa_2   0x0013c2    program     static /home/thibaut/workspace/ING4/microcontrollers/PicPicHero/src/design.c
                   __pa_2   0x00196e    program     static /home/thibaut/workspace/ING4/microcontrollers/PicPicHero/src/ks0108.c
                   __pa_2   0x001c42    program     static /home/thibaut/workspace/ING4/microcontrollers/PicPicHero/src/game.c
                  __pa_20   0x0014ac    program     static /home/thibaut/workspace/ING4/microcontrollers/PicPicHero/src/design.c
                  __pa_20   0x001a7c    program     static /home/thibaut/workspace/ING4/microcontrollers/PicPicHero/src/ks0108.c
                  __pa_21   0x0014b2    program     static /home/thibaut/workspace/ING4/microcontrollers/PicPicHero/src/design.c
                  __pa_22   0x0014ba    program     static /home/thibaut/workspace/ING4/microcontrollers/PicPicHero/src/design.c
                  __pa_23   0x0014c0    program     static /home/thibaut/workspace/ING4/microcontrollers/PicPicHero/src/design.c
                  __pa_24   0x0014c8    program     static /home/thibaut/workspace/ING4/microcontrollers/PicPicHero/src/design.c
                  __pa_25   0x0014d6    program     static /home/thibaut/workspace/ING4/microcontrollers/PicPicHero/src/design.c
                  __pa_26   0x0014e0    program     static /home/thibaut/workspace/ING4/microcontrollers/PicPicHero/src/design.c
                  __pa_27   0x0014ea    program     static /home/thibaut/workspace/ING4/microcontrollers/PicPicHero/src/design.c
                  __pa_28   0x0014f4    program     static /home/thibaut/workspace/ING4/microcontrollers/PicPicHero/src/design.c
                  __pa_29   0x0014fe    program     static /home/thibaut/workspace/ING4/microcontrollers/PicPicHero/src/design.c
                   __pa_3   0x001c4c    program     static /home/thibaut/workspace/ING4/microcontrollers/PicPicHero/src/game.c
                   __pa_3   0x001992    program     static /home/thibaut/workspace/ING4/microcontrollers/PicPicHero/src/ks0108.c
                   __pa_3   0x0013d4    program     static /home/thibaut/workspace/ING4/microcontrollers/PicPicHero/src/design.c
                  __pa_30   0x00150c    program     static /home/thibaut/workspace/ING4/microcontrollers/PicPicHero/src/design.c
                  __pa_31   0x001512    program     static /home/thibaut/workspace/ING4/microcontrollers/PicPicHero/src/design.c
                  __pa_32   0x001518    program     static /home/thibaut/workspace/ING4/microcontrollers/PicPicHero/src/design.c
                  __pa_33   0x001522    program     static /home/thibaut/workspace/ING4/microcontrollers/PicPicHero/src/design.c
                  __pa_34   0x00152c    program     static /home/thibaut/workspace/ING4/microcontrollers/PicPicHero/src/design.c
                   __pa_4   0x0013de    program     static /home/thibaut/workspace/ING4/microcontrollers/PicPicHero/src/design.c
                   __pa_4   0x0019a6    program     static /home/thibaut/workspace/ING4/microcontrollers/PicPicHero/src/ks0108.c
                   __pa_5   0x0013e6    program     static /home/thibaut/workspace/ING4/microcontrollers/PicPicHero/src/design.c
                   __pa_5   0x0019aa    program     static /home/thibaut/workspace/ING4/microcontrollers/PicPicHero/src/ks0108.c
                   __pa_6   0x00140c    program     static /home/thibaut/workspace/ING4/microcontrollers/PicPicHero/src/design.c
                   __pa_6   0x0019b4    program     static /home/thibaut/workspace/ING4/microcontrollers/PicPicHero/src/ks0108.c
                   __pa_7   0x001416    program     static /home/thibaut/workspace/ING4/microcontrollers/PicPicHero/src/design.c
                   __pa_7   0x0019c4    program     static /home/thibaut/workspace/ING4/microcontrollers/PicPicHero/src/ks0108.c
                   __pa_8   0x0019dc    program     static /home/thibaut/workspace/ING4/microcontrollers/PicPicHero/src/ks0108.c
                   __pa_8   0x001426    program     static /home/thibaut/workspace/ING4/microcontrollers/PicPicHero/src/design.c
                   __pa_9   0x0019e4    program     static /home/thibaut/workspace/ING4/microcontrollers/PicPicHero/src/ks0108.c
                   __pa_9   0x001430    program     static /home/thibaut/workspace/ING4/microcontrollers/PicPicHero/src/design.c
            __zero_memory   0x001dca    program     extern C:\MCC18\v3_39\src\traditional\proc\p18F45K22.asm
                _do_cinit   0x001c56    program     extern C:\MCC18\v3_39\src\traditional\startup\c018i.c
                   _entry   0x000000    program     extern C:\MCC18\v3_39\src\traditional\startup\c018i.c
                 _startup   0x001dea    program     extern C:\MCC18\v3_39\src\traditional\startup\c018i.c
                  acceuil   0x000014    program     extern /home/thibaut/workspace/ING4/microcontrollers/PicPicHero/src/ks0108.c
                clear_row   0x001bfe    program     extern /home/thibaut/workspace/ING4/microcontrollers/PicPicHero/src/game.c
                compare_l   0x001de0    program     static C:\MCC18\v3_39\src\traditional\proc\p18F45K22.asm
                copy_loop   0x001cc8    program     static                          
            copy_one_byte   0x001cce    program     static                          
              display_row   0x001ba2    program     extern /home/thibaut/workspace/ING4/microcontrollers/PicPicHero/src/game.c
                     done   0x001cf2    program     static                          
             done_copying   0x001cdc    program     static                          
             first_screen   0x000cd8    program     extern /home/thibaut/workspace/ING4/microcontrollers/PicPicHero/src/design.c
          glcd_FillScreen   0x001706    program     extern /home/thibaut/workspace/ING4/microcontrollers/PicPicHero/src/ks0108.c
               glcd_Image   0x0018b2    program     extern /home/thibaut/workspace/ING4/microcontrollers/PicPicHero/src/ks0108.c
                glcd_Init   0x001536    program     extern /home/thibaut/workspace/ING4/microcontrollers/PicPicHero/src/ks0108.c
           glcd_PlotPixel   0x001672    program     extern /home/thibaut/workspace/ING4/microcontrollers/PicPicHero/src/ks0108.c
            glcd_ReadByte   0x001636    program     extern /home/thibaut/workspace/ING4/microcontrollers/PicPicHero/src/ks0108.c
           glcd_SetCursor   0x001764    program     extern /home/thibaut/workspace/ING4/microcontrollers/PicPicHero/src/ks0108.c
           glcd_WriteByte   0x001600    program     extern /home/thibaut/workspace/ING4/microcontrollers/PicPicHero/src/ks0108.c
        glcd_WriteChar3x6   0x00182c    program     extern /home/thibaut/workspace/ING4/microcontrollers/PicPicHero/src/ks0108.c
        glcd_WriteChar8X8   0x0017c0    program     extern /home/thibaut/workspace/ING4/microcontrollers/PicPicHero/src/ks0108.c
         glcd_WriteString   0x00188a    program     extern /home/thibaut/workspace/ING4/microcontrollers/PicPicHero/src/ks0108.c
              init_circle   0x0011a0    program     extern /home/thibaut/workspace/ING4/microcontrollers/PicPicHero/src/design.c
                init_game   0x001364    program     extern /home/thibaut/workspace/ING4/microcontrollers/PicPicHero/src/design.c
              init_guitar   0x000f2c    program     extern /home/thibaut/workspace/ING4/microcontrollers/PicPicHero/src/design.c
                     loop   0x001dfa    program     static                          
                   loop_h   0x001dd8    program     static C:\MCC18\v3_39\src\traditional\proc\p18F45K22.asm
                   loop_l   0x001de2    program     static C:\MCC18\v3_39\src\traditional\proc\p18F45K22.asm
                     main   0x001cf4    program     extern /home/thibaut/workspace/ING4/microcontrollers/PicPicHero/src/main.c
               play_music   0x001a88    program     extern /home/thibaut/workspace/ING4/microcontrollers/PicPicHero/src/music.c
                play_note   0x001b0a    program     extern /home/thibaut/workspace/ING4/microcontrollers/PicPicHero/src/music.c
      presentation_screen   0x000dae    program     extern /home/thibaut/workspace/ING4/microcontrollers/PicPicHero/src/design.c
            remove_circle   0x001284    program     extern /home/thibaut/workspace/ING4/microcontrollers/PicPicHero/src/design.c
                     test   0x001c70    program     static                          
               zero_block   0x001dd8    program     static C:\MCC18\v3_39\src\traditional\proc\p18F45K22.asm
                   ADCON0   0x000fc2       data     extern C:\MCC18\v3_39\src\traditional\proc\p18F45K22.asm
               ADCON0bits   0x000fc2       data     extern C:\MCC18\v3_39\src\traditional\proc\p18F45K22.asm
                   ADCON1   0x000fc1       data     extern C:\MCC18\v3_39\src\traditional\proc\p18F45K22.asm
               ADCON1bits   0x000fc1       data     extern C:\MCC18\v3_39\src\traditional\proc\p18F45K22.asm
                   ADCON2   0x000fc0       data     extern C:\MCC18\v3_39\src\traditional\proc\p18F45K22.asm
               ADCON2bits   0x000fc0       data     extern C:\MCC18\v3_39\src\traditional\proc\p18F45K22.asm
                    ADRES   0x000fc3       data     extern C:\MCC18\v3_39\src\traditional\proc\p18F45K22.asm
                   ADRESH   0x000fc4       data     extern C:\MCC18\v3_39\src\traditional\proc\p18F45K22.asm
                   ADRESL   0x000fc3       data     extern C:\MCC18\v3_39\src\traditional\proc\p18F45K22.asm
                   ANSELA   0x000f38       data     extern C:\MCC18\v3_39\src\traditional\proc\p18F45K22.asm
               ANSELAbits   0x000f38       data     extern C:\MCC18\v3_39\src\traditional\proc\p18F45K22.asm
                   ANSELB   0x000f39       data     extern C:\MCC18\v3_39\src\traditional\proc\p18F45K22.asm
               ANSELBbits   0x000f39       data     extern C:\MCC18\v3_39\src\traditional\proc\p18F45K22.asm
                   ANSELC   0x000f3a       data     extern C:\MCC18\v3_39\src\traditional\proc\p18F45K22.asm
               ANSELCbits   0x000f3a       data     extern C:\MCC18\v3_39\src\traditional\proc\p18F45K22.asm
                   ANSELD   0x000f3b       data     extern C:\MCC18\v3_39\src\traditional\proc\p18F45K22.asm
               ANSELDbits   0x000f3b       data     extern C:\MCC18\v3_39\src\traditional\proc\p18F45K22.asm
                   ANSELE   0x000f3c       data     extern C:\MCC18\v3_39\src\traditional\proc\p18F45K22.asm
               ANSELEbits   0x000f3c       data     extern C:\MCC18\v3_39\src\traditional\proc\p18F45K22.asm
                 BAUD1CON   0x000fb8       data     extern C:\MCC18\v3_39\src\traditional\proc\p18F45K22.asm
             BAUD1CONbits   0x000fb8       data     extern C:\MCC18\v3_39\src\traditional\proc\p18F45K22.asm
                 BAUD2CON   0x000f70       data     extern C:\MCC18\v3_39\src\traditional\proc\p18F45K22.asm
             BAUD2CONbits   0x000f70       data     extern C:\MCC18\v3_39\src\traditional\proc\p18F45K22.asm
                  BAUDCON   0x000fb8       data     extern C:\MCC18\v3_39\src\traditional\proc\p18F45K22.asm
                 BAUDCON1   0x000fb8       data     extern C:\MCC18\v3_39\src\traditional\proc\p18F45K22.asm
             BAUDCON1bits   0x000fb8       data     extern C:\MCC18\v3_39\src\traditional\proc\p18F45K22.asm
                 BAUDCON2   0x000f70       data     extern C:\MCC18\v3_39\src\traditional\proc\p18F45K22.asm
             BAUDCON2bits   0x000f70       data     extern C:\MCC18\v3_39\src\traditional\proc\p18F45K22.asm
              BAUDCONbits   0x000fb8       data     extern C:\MCC18\v3_39\src\traditional\proc\p18F45K22.asm
                  BAUDCTL   0x000fb8       data     extern C:\MCC18\v3_39\src\traditional\proc\p18F45K22.asm
              BAUDCTLbits   0x000fb8       data     extern C:\MCC18\v3_39\src\traditional\proc\p18F45K22.asm
                      BSR   0x000fe0       data     extern C:\MCC18\v3_39\src\traditional\proc\p18F45K22.asm
                  CCP1CON   0x000fbd       data     extern C:\MCC18\v3_39\src\traditional\proc\p18F45K22.asm
              CCP1CONbits   0x000fbd       data     extern C:\MCC18\v3_39\src\traditional\proc\p18F45K22.asm
                   CCP2AS   0x000f64       data     extern C:\MCC18\v3_39\src\traditional\proc\p18F45K22.asm
               CCP2ASbits   0x000f64       data     extern C:\MCC18\v3_39\src\traditional\proc\p18F45K22.asm
                  CCP2CON   0x000f66       data     extern C:\MCC18\v3_39\src\traditional\proc\p18F45K22.asm
              CCP2CONbits   0x000f66       data     extern C:\MCC18\v3_39\src\traditional\proc\p18F45K22.asm
                   CCP3AS   0x000f5b       data     extern C:\MCC18\v3_39\src\traditional\proc\p18F45K22.asm
               CCP3ASbits   0x000f5b       data     extern C:\MCC18\v3_39\src\traditional\proc\p18F45K22.asm
                  CCP3CON   0x000f5d       data     extern C:\MCC18\v3_39\src\traditional\proc\p18F45K22.asm
              CCP3CONbits   0x000f5d       data     extern C:\MCC18\v3_39\src\traditional\proc\p18F45K22.asm
                  CCP4CON   0x000f57       data     extern C:\MCC18\v3_39\src\traditional\proc\p18F45K22.asm
              CCP4CONbits   0x000f57       data     extern C:\MCC18\v3_39\src\traditional\proc\p18F45K22.asm
                  CCP5CON   0x000f54       data     extern C:\MCC18\v3_39\src\traditional\proc\p18F45K22.asm
              CCP5CONbits   0x000f54       data     extern C:\MCC18\v3_39\src\traditional\proc\p18F45K22.asm
                    CCPR1   0x000fbe       data     extern C:\MCC18\v3_39\src\traditional\proc\p18F45K22.asm
                   CCPR1H   0x000fbf       data     extern C:\MCC18\v3_39\src\traditional\proc\p18F45K22.asm
                   CCPR1L   0x000fbe       data     extern C:\MCC18\v3_39\src\traditional\proc\p18F45K22.asm
                    CCPR2   0x000f67       data     extern C:\MCC18\v3_39\src\traditional\proc\p18F45K22.asm
                   CCPR2H   0x000f68       data     extern C:\MCC18\v3_39\src\traditional\proc\p18F45K22.asm
                   CCPR2L   0x000f67       data     extern C:\MCC18\v3_39\src\traditional\proc\p18F45K22.asm
                    CCPR3   0x000f5e       data     extern C:\MCC18\v3_39\src\traditional\proc\p18F45K22.asm
                   CCPR3H   0x000f5f       data     extern C:\MCC18\v3_39\src\traditional\proc\p18F45K22.asm
                   CCPR3L   0x000f5e       data     extern C:\MCC18\v3_39\src\traditional\proc\p18F45K22.asm
                    CCPR4   0x000f58       data     extern C:\MCC18\v3_39\src\traditional\proc\p18F45K22.asm
                   CCPR4H   0x000f59       data     extern C:\MCC18\v3_39\src\traditional\proc\p18F45K22.asm
                   CCPR4L   0x000f58       data     extern C:\MCC18\v3_39\src\traditional\proc\p18F45K22.asm
                    CCPR5   0x000f55       data     extern C:\MCC18\v3_39\src\traditional\proc\p18F45K22.asm
                   CCPR5H   0x000f56       data     extern C:\MCC18\v3_39\src\traditional\proc\p18F45K22.asm
                   CCPR5L   0x000f55       data     extern C:\MCC18\v3_39\src\traditional\proc\p18F45K22.asm
                 CCPTMRS0   0x000f49       data     extern C:\MCC18\v3_39\src\traditional\proc\p18F45K22.asm
             CCPTMRS0bits   0x000f49       data     extern C:\MCC18\v3_39\src\traditional\proc\p18F45K22.asm
                 CCPTMRS1   0x000f48       data     extern C:\MCC18\v3_39\src\traditional\proc\p18F45K22.asm
             CCPTMRS1bits   0x000f48       data     extern C:\MCC18\v3_39\src\traditional\proc\p18F45K22.asm
                  CM12CON   0x000f77       data     extern C:\MCC18\v3_39\src\traditional\proc\p18F45K22.asm
              CM12CONbits   0x000f77       data     extern C:\MCC18\v3_39\src\traditional\proc\p18F45K22.asm
                   CM1CON   0x000f79       data     extern C:\MCC18\v3_39\src\traditional\proc\p18F45K22.asm
                  CM1CON0   0x000f79       data     extern C:\MCC18\v3_39\src\traditional\proc\p18F45K22.asm
              CM1CON0bits   0x000f79       data     extern C:\MCC18\v3_39\src\traditional\proc\p18F45K22.asm
               CM1CONbits   0x000f79       data     extern C:\MCC18\v3_39\src\traditional\proc\p18F45K22.asm
                   CM2CON   0x000f78       data     extern C:\MCC18\v3_39\src\traditional\proc\p18F45K22.asm
                  CM2CON0   0x000f78       data     extern C:\MCC18\v3_39\src\traditional\proc\p18F45K22.asm
              CM2CON0bits   0x000f78       data     extern C:\MCC18\v3_39\src\traditional\proc\p18F45K22.asm
                  CM2CON1   0x000f77       data     extern C:\MCC18\v3_39\src\traditional\proc\p18F45K22.asm
              CM2CON1bits   0x000f77       data     extern C:\MCC18\v3_39\src\traditional\proc\p18F45K22.asm
               CM2CONbits   0x000f78       data     extern C:\MCC18\v3_39\src\traditional\proc\p18F45K22.asm
                 CTMUCON0   0x000f45       data     extern C:\MCC18\v3_39\src\traditional\proc\p18F45K22.asm
             CTMUCON0bits   0x000f45       data     extern C:\MCC18\v3_39\src\traditional\proc\p18F45K22.asm
                 CTMUCON1   0x000f44       data     extern C:\MCC18\v3_39\src\traditional\proc\p18F45K22.asm
             CTMUCON1bits   0x000f44       data     extern C:\MCC18\v3_39\src\traditional\proc\p18F45K22.asm
                 CTMUCONH   0x000f45       data     extern C:\MCC18\v3_39\src\traditional\proc\p18F45K22.asm
             CTMUCONHbits   0x000f45       data     extern C:\MCC18\v3_39\src\traditional\proc\p18F45K22.asm
                 CTMUCONL   0x000f44       data     extern C:\MCC18\v3_39\src\traditional\proc\p18F45K22.asm
             CTMUCONLbits   0x000f44       data     extern C:\MCC18\v3_39\src\traditional\proc\p18F45K22.asm
                 CTMUICON   0x000f43       data     extern C:\MCC18\v3_39\src\traditional\proc\p18F45K22.asm
                CTMUICONH   0x000f43       data     extern C:\MCC18\v3_39\src\traditional\proc\p18F45K22.asm
            CTMUICONHbits   0x000f43       data     extern C:\MCC18\v3_39\src\traditional\proc\p18F45K22.asm
             CTMUICONbits   0x000f43       data     extern C:\MCC18\v3_39\src\traditional\proc\p18F45K22.asm
                  DACCON0   0x000f41       data     extern C:\MCC18\v3_39\src\traditional\proc\p18F45K22.asm
              DACCON0bits   0x000f41       data     extern C:\MCC18\v3_39\src\traditional\proc\p18F45K22.asm
                  DACCON1   0x000f40       data     extern C:\MCC18\v3_39\src\traditional\proc\p18F45K22.asm
              DACCON1bits   0x000f40       data     extern C:\MCC18\v3_39\src\traditional\proc\p18F45K22.asm
                     DDRA   0x000f92       data     extern C:\MCC18\v3_39\src\traditional\proc\p18F45K22.asm
                 DDRAbits   0x000f92       data     extern C:\MCC18\v3_39\src\traditional\proc\p18F45K22.asm
                     DDRB   0x000f93       data     extern C:\MCC18\v3_39\src\traditional\proc\p18F45K22.asm
                 DDRBbits   0x000f93       data     extern C:\MCC18\v3_39\src\traditional\proc\p18F45K22.asm
                     DDRC   0x000f94       data     extern C:\MCC18\v3_39\src\traditional\proc\p18F45K22.asm
                 DDRCbits   0x000f94       data     extern C:\MCC18\v3_39\src\traditional\proc\p18F45K22.asm
                     DDRD   0x000f95       data     extern C:\MCC18\v3_39\src\traditional\proc\p18F45K22.asm
                 DDRDbits   0x000f95       data     extern C:\MCC18\v3_39\src\traditional\proc\p18F45K22.asm
                     DDRE   0x000f96       data     extern C:\MCC18\v3_39\src\traditional\proc\p18F45K22.asm
                 DDREbits   0x000f96       data     extern C:\MCC18\v3_39\src\traditional\proc\p18F45K22.asm
            DelayCounter1   0x000005       data     extern C:\MCC18\v3_39\src\traditional\delays\delayd1.asm
            DelayCounter2   0x000004       data     extern C:\MCC18\v3_39\src\traditional\delays\delayd2.asm
                  ECCP1AS   0x000fb6       data     extern C:\MCC18\v3_39\src\traditional\proc\p18F45K22.asm
              ECCP1ASbits   0x000fb6       data     extern C:\MCC18\v3_39\src\traditional\proc\p18F45K22.asm
                  ECCP2AS   0x000f64       data     extern C:\MCC18\v3_39\src\traditional\proc\p18F45K22.asm
              ECCP2ASbits   0x000f64       data     extern C:\MCC18\v3_39\src\traditional\proc\p18F45K22.asm
                  ECCP3AS   0x000f5b       data     extern C:\MCC18\v3_39\src\traditional\proc\p18F45K22.asm
              ECCP3ASbits   0x000f5b       data     extern C:\MCC18\v3_39\src\traditional\proc\p18F45K22.asm
                   ECCPAS   0x000fb6       data     extern C:\MCC18\v3_39\src\traditional\proc\p18F45K22.asm
               ECCPASbits   0x000fb6       data     extern C:\MCC18\v3_39\src\traditional\proc\p18F45K22.asm
                    EEADR   0x000fa9       data     extern C:\MCC18\v3_39\src\traditional\proc\p18F45K22.asm
                EEADRbits   0x000fa9       data     extern C:\MCC18\v3_39\src\traditional\proc\p18F45K22.asm
                   EECON1   0x000fa6       data     extern C:\MCC18\v3_39\src\traditional\proc\p18F45K22.asm
               EECON1bits   0x000fa6       data     extern C:\MCC18\v3_39\src\traditional\proc\p18F45K22.asm
                   EECON2   0x000fa7       data     extern C:\MCC18\v3_39\src\traditional\proc\p18F45K22.asm
                   EEDATA   0x000fa8       data     extern C:\MCC18\v3_39\src\traditional\proc\p18F45K22.asm
                     FSR0   0x000fe9       data     extern C:\MCC18\v3_39\src\traditional\proc\p18F45K22.asm
                    FSR0H   0x000fea       data     extern C:\MCC18\v3_39\src\traditional\proc\p18F45K22.asm
                    FSR0L   0x000fe9       data     extern C:\MCC18\v3_39\src\traditional\proc\p18F45K22.asm
                     FSR1   0x000fe1       data     extern C:\MCC18\v3_39\src\traditional\proc\p18F45K22.asm
                    FSR1H   0x000fe2       data     extern C:\MCC18\v3_39\src\traditional\proc\p18F45K22.asm
                    FSR1L   0x000fe1       data     extern C:\MCC18\v3_39\src\traditional\proc\p18F45K22.asm
                     FSR2   0x000fd9       data     extern C:\MCC18\v3_39\src\traditional\proc\p18F45K22.asm
                    FSR2H   0x000fda       data     extern C:\MCC18\v3_39\src\traditional\proc\p18F45K22.asm
                    FSR2L   0x000fd9       data     extern C:\MCC18\v3_39\src\traditional\proc\p18F45K22.asm
                   FVRCON   0x000f42       data     extern C:\MCC18\v3_39\src\traditional\proc\p18F45K22.asm
               FVRCONbits   0x000f42       data     extern C:\MCC18\v3_39\src\traditional\proc\p18F45K22.asm
                  HLVDCON   0x000f9c       data     extern C:\MCC18\v3_39\src\traditional\proc\p18F45K22.asm
              HLVDCONbits   0x000f9c       data     extern C:\MCC18\v3_39\src\traditional\proc\p18F45K22.asm
                    INDF0   0x000fef       data     extern C:\MCC18\v3_39\src\traditional\proc\p18F45K22.asm
                    INDF1   0x000fe7       data     extern C:\MCC18\v3_39\src\traditional\proc\p18F45K22.asm
                    INDF2   0x000fdf       data     extern C:\MCC18\v3_39\src\traditional\proc\p18F45K22.asm
                   INTCON   0x000ff2       data     extern C:\MCC18\v3_39\src\traditional\proc\p18F45K22.asm
                  INTCON2   0x000ff1       data     extern C:\MCC18\v3_39\src\traditional\proc\p18F45K22.asm
              INTCON2bits   0x000ff1       data     extern C:\MCC18\v3_39\src\traditional\proc\p18F45K22.asm
                  INTCON3   0x000ff0       data     extern C:\MCC18\v3_39\src\traditional\proc\p18F45K22.asm
              INTCON3bits   0x000ff0       data     extern C:\MCC18\v3_39\src\traditional\proc\p18F45K22.asm
               INTCONbits   0x000ff2       data     extern C:\MCC18\v3_39\src\traditional\proc\p18F45K22.asm
                     IOCB   0x000f62       data     extern C:\MCC18\v3_39\src\traditional\proc\p18F45K22.asm
                 IOCBbits   0x000f62       data     extern C:\MCC18\v3_39\src\traditional\proc\p18F45K22.asm
                     IPR1   0x000f9f       data     extern C:\MCC18\v3_39\src\traditional\proc\p18F45K22.asm
                 IPR1bits   0x000f9f       data     extern C:\MCC18\v3_39\src\traditional\proc\p18F45K22.asm
                     IPR2   0x000fa2       data     extern C:\MCC18\v3_39\src\traditional\proc\p18F45K22.asm
                 IPR2bits   0x000fa2       data     extern C:\MCC18\v3_39\src\traditional\proc\p18F45K22.asm
                     IPR3   0x000fa5       data     extern C:\MCC18\v3_39\src\traditional\proc\p18F45K22.asm
                 IPR3bits   0x000fa5       data     extern C:\MCC18\v3_39\src\traditional\proc\p18F45K22.asm
                     IPR4   0x000f7c       data     extern C:\MCC18\v3_39\src\traditional\proc\p18F45K22.asm
                 IPR4bits   0x000f7c       data     extern C:\MCC18\v3_39\src\traditional\proc\p18F45K22.asm
                     IPR5   0x000f7f       data     extern C:\MCC18\v3_39\src\traditional\proc\p18F45K22.asm
                 IPR5bits   0x000f7f       data     extern C:\MCC18\v3_39\src\traditional\proc\p18F45K22.asm
                     LATA   0x000f89       data     extern C:\MCC18\v3_39\src\traditional\proc\p18F45K22.asm
                 LATAbits   0x000f89       data     extern C:\MCC18\v3_39\src\traditional\proc\p18F45K22.asm
                     LATB   0x000f8a       data     extern C:\MCC18\v3_39\src\traditional\proc\p18F45K22.asm
                 LATBbits   0x000f8a       data     extern C:\MCC18\v3_39\src\traditional\proc\p18F45K22.asm
                     LATC   0x000f8b       data     extern C:\MCC18\v3_39\src\traditional\proc\p18F45K22.asm
                 LATCbits   0x000f8b       data     extern C:\MCC18\v3_39\src\traditional\proc\p18F45K22.asm
                     LATD   0x000f8c       data     extern C:\MCC18\v3_39\src\traditional\proc\p18F45K22.asm
                 LATDbits   0x000f8c       data     extern C:\MCC18\v3_39\src\traditional\proc\p18F45K22.asm
                     LATE   0x000f8d       data     extern C:\MCC18\v3_39\src\traditional\proc\p18F45K22.asm
                 LATEbits   0x000f8d       data     extern C:\MCC18\v3_39\src\traditional\proc\p18F45K22.asm
                   LVDCON   0x000f9c       data     extern C:\MCC18\v3_39\src\traditional\proc\p18F45K22.asm
               LVDCONbits   0x000f9c       data     extern C:\MCC18\v3_39\src\traditional\proc\p18F45K22.asm
                   OSCCON   0x000fd3       data     extern C:\MCC18\v3_39\src\traditional\proc\p18F45K22.asm
                  OSCCON2   0x000fd2       data     extern C:\MCC18\v3_39\src\traditional\proc\p18F45K22.asm
              OSCCON2bits   0x000fd2       data     extern C:\MCC18\v3_39\src\traditional\proc\p18F45K22.asm
               OSCCONbits   0x000fd3       data     extern C:\MCC18\v3_39\src\traditional\proc\p18F45K22.asm
                  OSCTUNE   0x000f9b       data     extern C:\MCC18\v3_39\src\traditional\proc\p18F45K22.asm
              OSCTUNEbits   0x000f9b       data     extern C:\MCC18\v3_39\src\traditional\proc\p18F45K22.asm
                       PC   0x000ff9       data     extern C:\MCC18\v3_39\src\traditional\proc\p18F45K22.asm
                      PCL   0x000ff9       data     extern C:\MCC18\v3_39\src\traditional\proc\p18F45K22.asm
                   PCLATH   0x000ffa       data     extern C:\MCC18\v3_39\src\traditional\proc\p18F45K22.asm
                   PCLATU   0x000ffb       data     extern C:\MCC18\v3_39\src\traditional\proc\p18F45K22.asm
                     PIE1   0x000f9d       data     extern C:\MCC18\v3_39\src\traditional\proc\p18F45K22.asm
                 PIE1bits   0x000f9d       data     extern C:\MCC18\v3_39\src\traditional\proc\p18F45K22.asm
                     PIE2   0x000fa0       data     extern C:\MCC18\v3_39\src\traditional\proc\p18F45K22.asm
                 PIE2bits   0x000fa0       data     extern C:\MCC18\v3_39\src\traditional\proc\p18F45K22.asm
                     PIE3   0x000fa3       data     extern C:\MCC18\v3_39\src\traditional\proc\p18F45K22.asm
                 PIE3bits   0x000fa3       data     extern C:\MCC18\v3_39\src\traditional\proc\p18F45K22.asm
                     PIE4   0x000f7a       data     extern C:\MCC18\v3_39\src\traditional\proc\p18F45K22.asm
                 PIE4bits   0x000f7a       data     extern C:\MCC18\v3_39\src\traditional\proc\p18F45K22.asm
                     PIE5   0x000f7d       data     extern C:\MCC18\v3_39\src\traditional\proc\p18F45K22.asm
                 PIE5bits   0x000f7d       data     extern C:\MCC18\v3_39\src\traditional\proc\p18F45K22.asm
                     PIR1   0x000f9e       data     extern C:\MCC18\v3_39\src\traditional\proc\p18F45K22.asm
                 PIR1bits   0x000f9e       data     extern C:\MCC18\v3_39\src\traditional\proc\p18F45K22.asm
                     PIR2   0x000fa1       data     extern C:\MCC18\v3_39\src\traditional\proc\p18F45K22.asm
                 PIR2bits   0x000fa1       data     extern C:\MCC18\v3_39\src\traditional\proc\p18F45K22.asm
                     PIR3   0x000fa4       data     extern C:\MCC18\v3_39\src\traditional\proc\p18F45K22.asm
                 PIR3bits   0x000fa4       data     extern C:\MCC18\v3_39\src\traditional\proc\p18F45K22.asm
                     PIR4   0x000f7b       data     extern C:\MCC18\v3_39\src\traditional\proc\p18F45K22.asm
                 PIR4bits   0x000f7b       data     extern C:\MCC18\v3_39\src\traditional\proc\p18F45K22.asm
                     PIR5   0x000f7e       data     extern C:\MCC18\v3_39\src\traditional\proc\p18F45K22.asm
                 PIR5bits   0x000f7e       data     extern C:\MCC18\v3_39\src\traditional\proc\p18F45K22.asm
                   PLUSW0   0x000feb       data     extern C:\MCC18\v3_39\src\traditional\proc\p18F45K22.asm
                   PLUSW1   0x000fe3       data     extern C:\MCC18\v3_39\src\traditional\proc\p18F45K22.asm
                   PLUSW2   0x000fdb       data     extern C:\MCC18\v3_39\src\traditional\proc\p18F45K22.asm
                     PMD0   0x000f3f       data     extern C:\MCC18\v3_39\src\traditional\proc\p18F45K22.asm
                 PMD0bits   0x000f3f       data     extern C:\MCC18\v3_39\src\traditional\proc\p18F45K22.asm
                     PMD1   0x000f3e       data     extern C:\MCC18\v3_39\src\traditional\proc\p18F45K22.asm
                 PMD1bits   0x000f3e       data     extern C:\MCC18\v3_39\src\traditional\proc\p18F45K22.asm
                     PMD2   0x000f3d       data     extern C:\MCC18\v3_39\src\traditional\proc\p18F45K22.asm
                 PMD2bits   0x000f3d       data     extern C:\MCC18\v3_39\src\traditional\proc\p18F45K22.asm
                    PORTA   0x000f80       data     extern C:\MCC18\v3_39\src\traditional\proc\p18F45K22.asm
                PORTAbits   0x000f80       data     extern C:\MCC18\v3_39\src\traditional\proc\p18F45K22.asm
                    PORTB   0x000f81       data     extern C:\MCC18\v3_39\src\traditional\proc\p18F45K22.asm
                PORTBbits   0x000f81       data     extern C:\MCC18\v3_39\src\traditional\proc\p18F45K22.asm
                    PORTC   0x000f82       data     extern C:\MCC18\v3_39\src\traditional\proc\p18F45K22.asm
                PORTCbits   0x000f82       data     extern C:\MCC18\v3_39\src\traditional\proc\p18F45K22.asm
                    PORTD   0x000f83       data     extern C:\MCC18\v3_39\src\traditional\proc\p18F45K22.asm
                PORTDbits   0x000f83       data     extern C:\MCC18\v3_39\src\traditional\proc\p18F45K22.asm
                    PORTE   0x000f84       data     extern C:\MCC18\v3_39\src\traditional\proc\p18F45K22.asm
                PORTEbits   0x000f84       data     extern C:\MCC18\v3_39\src\traditional\proc\p18F45K22.asm
                 POSTDEC0   0x000fed       data     extern C:\MCC18\v3_39\src\traditional\proc\p18F45K22.asm
                 POSTDEC1   0x000fe5       data     extern C:\MCC18\v3_39\src\traditional\proc\p18F45K22.asm
                 POSTDEC2   0x000fdd       data     extern C:\MCC18\v3_39\src\traditional\proc\p18F45K22.asm
                 POSTINC0   0x000fee       data     extern C:\MCC18\v3_39\src\traditional\proc\p18F45K22.asm
                 POSTINC1   0x000fe6       data     extern C:\MCC18\v3_39\src\traditional\proc\p18F45K22.asm
                 POSTINC2   0x000fde       data     extern C:\MCC18\v3_39\src\traditional\proc\p18F45K22.asm
                      PR2   0x000fbb       data     extern C:\MCC18\v3_39\src\traditional\proc\p18F45K22.asm
                      PR4   0x000f52       data     extern C:\MCC18\v3_39\src\traditional\proc\p18F45K22.asm
                      PR6   0x000f4b       data     extern C:\MCC18\v3_39\src\traditional\proc\p18F45K22.asm
                  PREINC0   0x000fec       data     extern C:\MCC18\v3_39\src\traditional\proc\p18F45K22.asm
                  PREINC1   0x000fe4       data     extern C:\MCC18\v3_39\src\traditional\proc\p18F45K22.asm
                  PREINC2   0x000fdc       data     extern C:\MCC18\v3_39\src\traditional\proc\p18F45K22.asm
                     PROD   0x000ff3       data     extern C:\MCC18\v3_39\src\traditional\proc\p18F45K22.asm
                    PRODH   0x000ff4       data     extern C:\MCC18\v3_39\src\traditional\proc\p18F45K22.asm
                    PRODL   0x000ff3       data     extern C:\MCC18\v3_39\src\traditional\proc\p18F45K22.asm
                 PSTR1CON   0x000fb9       data     extern C:\MCC18\v3_39\src\traditional\proc\p18F45K22.asm
             PSTR1CONbits   0x000fb9       data     extern C:\MCC18\v3_39\src\traditional\proc\p18F45K22.asm
                 PSTR2CON   0x000f63       data     extern C:\MCC18\v3_39\src\traditional\proc\p18F45K22.asm
             PSTR2CONbits   0x000f63       data     extern C:\MCC18\v3_39\src\traditional\proc\p18F45K22.asm
                 PSTR3CON   0x000f5a       data     extern C:\MCC18\v3_39\src\traditional\proc\p18F45K22.asm
             PSTR3CONbits   0x000f5a       data     extern C:\MCC18\v3_39\src\traditional\proc\p18F45K22.asm
                  PSTRCON   0x000fb9       data     extern C:\MCC18\v3_39\src\traditional\proc\p18F45K22.asm
              PSTRCONbits   0x000fb9       data     extern C:\MCC18\v3_39\src\traditional\proc\p18F45K22.asm
                  PWM1CON   0x000fb7       data     extern C:\MCC18\v3_39\src\traditional\proc\p18F45K22.asm
              PWM1CONbits   0x000fb7       data     extern C:\MCC18\v3_39\src\traditional\proc\p18F45K22.asm
                  PWM2CON   0x000f65       data     extern C:\MCC18\v3_39\src\traditional\proc\p18F45K22.asm
              PWM2CONbits   0x000f65       data     extern C:\MCC18\v3_39\src\traditional\proc\p18F45K22.asm
                  PWM3CON   0x000f5c       data     extern C:\MCC18\v3_39\src\traditional\proc\p18F45K22.asm
              PWM3CONbits   0x000f5c       data     extern C:\MCC18\v3_39\src\traditional\proc\p18F45K22.asm
                   PWMCON   0x000fb7       data     extern C:\MCC18\v3_39\src\traditional\proc\p18F45K22.asm
               PWMCONbits   0x000fb7       data     extern C:\MCC18\v3_39\src\traditional\proc\p18F45K22.asm
                   RC1REG   0x000fae       data     extern C:\MCC18\v3_39\src\traditional\proc\p18F45K22.asm
               RC1REGbits   0x000fae       data     extern C:\MCC18\v3_39\src\traditional\proc\p18F45K22.asm
                   RC1STA   0x000fab       data     extern C:\MCC18\v3_39\src\traditional\proc\p18F45K22.asm
               RC1STAbits   0x000fab       data     extern C:\MCC18\v3_39\src\traditional\proc\p18F45K22.asm
                   RC2REG   0x000f74       data     extern C:\MCC18\v3_39\src\traditional\proc\p18F45K22.asm
                   RC2STA   0x000f71       data     extern C:\MCC18\v3_39\src\traditional\proc\p18F45K22.asm
               RC2STAbits   0x000f71       data     extern C:\MCC18\v3_39\src\traditional\proc\p18F45K22.asm
                     RCON   0x000fd0       data     extern C:\MCC18\v3_39\src\traditional\proc\p18F45K22.asm
                 RCONbits   0x000fd0       data     extern C:\MCC18\v3_39\src\traditional\proc\p18F45K22.asm
                    RCREG   0x000fae       data     extern C:\MCC18\v3_39\src\traditional\proc\p18F45K22.asm
                   RCREG1   0x000fae       data     extern C:\MCC18\v3_39\src\traditional\proc\p18F45K22.asm
               RCREG1bits   0x000fae       data     extern C:\MCC18\v3_39\src\traditional\proc\p18F45K22.asm
                   RCREG2   0x000f74       data     extern C:\MCC18\v3_39\src\traditional\proc\p18F45K22.asm
                RCREGbits   0x000fae       data     extern C:\MCC18\v3_39\src\traditional\proc\p18F45K22.asm
                    RCSTA   0x000fab       data     extern C:\MCC18\v3_39\src\traditional\proc\p18F45K22.asm
                   RCSTA1   0x000fab       data     extern C:\MCC18\v3_39\src\traditional\proc\p18F45K22.asm
               RCSTA1bits   0x000fab       data     extern C:\MCC18\v3_39\src\traditional\proc\p18F45K22.asm
                   RCSTA2   0x000f71       data     extern C:\MCC18\v3_39\src\traditional\proc\p18F45K22.asm
               RCSTA2bits   0x000f71       data     extern C:\MCC18\v3_39\src\traditional\proc\p18F45K22.asm
                RCSTAbits   0x000fab       data     extern C:\MCC18\v3_39\src\traditional\proc\p18F45K22.asm
                     SIGN   0x000000       data     extern C:\MCC18\v3_39\src\traditional\math\cmath18.asm
                   SLRCON   0x000f60       data     extern C:\MCC18\v3_39\src\traditional\proc\p18F45K22.asm
               SLRCONbits   0x000f60       data     extern C:\MCC18\v3_39\src\traditional\proc\p18F45K22.asm
                   SP1BRG   0x000faf       data     extern C:\MCC18\v3_39\src\traditional\proc\p18F45K22.asm
                  SP1BRGH   0x000fb0       data     extern C:\MCC18\v3_39\src\traditional\proc\p18F45K22.asm
              SP1BRGHbits   0x000fb0       data     extern C:\MCC18\v3_39\src\traditional\proc\p18F45K22.asm
               SP1BRGbits   0x000faf       data     extern C:\MCC18\v3_39\src\traditional\proc\p18F45K22.asm
                   SP2BRG   0x000f75       data     extern C:\MCC18\v3_39\src\traditional\proc\p18F45K22.asm
                  SP2BRGH   0x000f76       data     extern C:\MCC18\v3_39\src\traditional\proc\p18F45K22.asm
                    SPBRG   0x000faf       data     extern C:\MCC18\v3_39\src\traditional\proc\p18F45K22.asm
                   SPBRG1   0x000faf       data     extern C:\MCC18\v3_39\src\traditional\proc\p18F45K22.asm
               SPBRG1bits   0x000faf       data     extern C:\MCC18\v3_39\src\traditional\proc\p18F45K22.asm
                   SPBRG2   0x000f75       data     extern C:\MCC18\v3_39\src\traditional\proc\p18F45K22.asm
                   SPBRGH   0x000fb0       data     extern C:\MCC18\v3_39\src\traditional\proc\p18F45K22.asm
                  SPBRGH1   0x000fb0       data     extern C:\MCC18\v3_39\src\traditional\proc\p18F45K22.asm
              SPBRGH1bits   0x000fb0       data     extern C:\MCC18\v3_39\src\traditional\proc\p18F45K22.asm
                  SPBRGH2   0x000f76       data     extern C:\MCC18\v3_39\src\traditional\proc\p18F45K22.asm
               SPBRGHbits   0x000fb0       data     extern C:\MCC18\v3_39\src\traditional\proc\p18F45K22.asm
                SPBRGbits   0x000faf       data     extern C:\MCC18\v3_39\src\traditional\proc\p18F45K22.asm
                   SRCON0   0x000f47       data     extern C:\MCC18\v3_39\src\traditional\proc\p18F45K22.asm
               SRCON0bits   0x000f47       data     extern C:\MCC18\v3_39\src\traditional\proc\p18F45K22.asm
                   SRCON1   0x000f46       data     extern C:\MCC18\v3_39\src\traditional\proc\p18F45K22.asm
               SRCON1bits   0x000f46       data     extern C:\MCC18\v3_39\src\traditional\proc\p18F45K22.asm
                  SSP1ADD   0x000fc8       data     extern C:\MCC18\v3_39\src\traditional\proc\p18F45K22.asm
              SSP1ADDbits   0x000fc8       data     extern C:\MCC18\v3_39\src\traditional\proc\p18F45K22.asm
                  SSP1BUF   0x000fc9       data     extern C:\MCC18\v3_39\src\traditional\proc\p18F45K22.asm
              SSP1BUFbits   0x000fc9       data     extern C:\MCC18\v3_39\src\traditional\proc\p18F45K22.asm
                 SSP1CON1   0x000fc6       data     extern C:\MCC18\v3_39\src\traditional\proc\p18F45K22.asm
             SSP1CON1bits   0x000fc6       data     extern C:\MCC18\v3_39\src\traditional\proc\p18F45K22.asm
                 SSP1CON2   0x000fc5       data     extern C:\MCC18\v3_39\src\traditional\proc\p18F45K22.asm
             SSP1CON2bits   0x000fc5       data     extern C:\MCC18\v3_39\src\traditional\proc\p18F45K22.asm
                 SSP1CON3   0x000fcb       data     extern C:\MCC18\v3_39\src\traditional\proc\p18F45K22.asm
             SSP1CON3bits   0x000fcb       data     extern C:\MCC18\v3_39\src\traditional\proc\p18F45K22.asm
                  SSP1MSK   0x000fca       data     extern C:\MCC18\v3_39\src\traditional\proc\p18F45K22.asm
              SSP1MSKbits   0x000fca       data     extern C:\MCC18\v3_39\src\traditional\proc\p18F45K22.asm
                 SSP1STAT   0x000fc7       data     extern C:\MCC18\v3_39\src\traditional\proc\p18F45K22.asm
             SSP1STATbits   0x000fc7       data     extern C:\MCC18\v3_39\src\traditional\proc\p18F45K22.asm
                  SSP2ADD   0x000f6e       data     extern C:\MCC18\v3_39\src\traditional\proc\p18F45K22.asm
                  SSP2BUF   0x000f6f       data     extern C:\MCC18\v3_39\src\traditional\proc\p18F45K22.asm
                 SSP2CON1   0x000f6c       data     extern C:\MCC18\v3_39\src\traditional\proc\p18F45K22.asm
             SSP2CON1bits   0x000f6c       data     extern C:\MCC18\v3_39\src\traditional\proc\p18F45K22.asm
                 SSP2CON2   0x000f6b       data     extern C:\MCC18\v3_39\src\traditional\proc\p18F45K22.asm
             SSP2CON2bits   0x000f6b       data     extern C:\MCC18\v3_39\src\traditional\proc\p18F45K22.asm
                 SSP2CON3   0x000f69       data     extern C:\MCC18\v3_39\src\traditional\proc\p18F45K22.asm
             SSP2CON3bits   0x000f69       data     extern C:\MCC18\v3_39\src\traditional\proc\p18F45K22.asm
                  SSP2MSK   0x000f6a       data     extern C:\MCC18\v3_39\src\traditional\proc\p18F45K22.asm
              SSP2MSKbits   0x000f6a       data     extern C:\MCC18\v3_39\src\traditional\proc\p18F45K22.asm
                 SSP2STAT   0x000f6d       data     extern C:\MCC18\v3_39\src\traditional\proc\p18F45K22.asm
             SSP2STATbits   0x000f6d       data     extern C:\MCC18\v3_39\src\traditional\proc\p18F45K22.asm
                   SSPADD   0x000fc8       data     extern C:\MCC18\v3_39\src\traditional\proc\p18F45K22.asm
               SSPADDbits   0x000fc8       data     extern C:\MCC18\v3_39\src\traditional\proc\p18F45K22.asm
                   SSPBUF   0x000fc9       data     extern C:\MCC18\v3_39\src\traditional\proc\p18F45K22.asm
               SSPBUFbits   0x000fc9       data     extern C:\MCC18\v3_39\src\traditional\proc\p18F45K22.asm
                  SSPCON1   0x000fc6       data     extern C:\MCC18\v3_39\src\traditional\proc\p18F45K22.asm
              SSPCON1bits   0x000fc6       data     extern C:\MCC18\v3_39\src\traditional\proc\p18F45K22.asm
                  SSPCON2   0x000fc5       data     extern C:\MCC18\v3_39\src\traditional\proc\p18F45K22.asm
              SSPCON2bits   0x000fc5       data     extern C:\MCC18\v3_39\src\traditional\proc\p18F45K22.asm
                  SSPCON3   0x000fcb       data     extern C:\MCC18\v3_39\src\traditional\proc\p18F45K22.asm
              SSPCON3bits   0x000fcb       data     extern C:\MCC18\v3_39\src\traditional\proc\p18F45K22.asm
                   SSPMSK   0x000fca       data     extern C:\MCC18\v3_39\src\traditional\proc\p18F45K22.asm
               SSPMSKbits   0x000fca       data     extern C:\MCC18\v3_39\src\traditional\proc\p18F45K22.asm
                  SSPSTAT   0x000fc7       data     extern C:\MCC18\v3_39\src\traditional\proc\p18F45K22.asm
              SSPSTATbits   0x000fc7       data     extern C:\MCC18\v3_39\src\traditional\proc\p18F45K22.asm
                   STATUS   0x000fd8       data     extern C:\MCC18\v3_39\src\traditional\proc\p18F45K22.asm
               STATUSbits   0x000fd8       data     extern C:\MCC18\v3_39\src\traditional\proc\p18F45K22.asm
                   STKPTR   0x000ffc       data     extern C:\MCC18\v3_39\src\traditional\proc\p18F45K22.asm
               STKPTRbits   0x000ffc       data     extern C:\MCC18\v3_39\src\traditional\proc\p18F45K22.asm
                    T0CON   0x000fd5       data     extern C:\MCC18\v3_39\src\traditional\proc\p18F45K22.asm
                T0CONbits   0x000fd5       data     extern C:\MCC18\v3_39\src\traditional\proc\p18F45K22.asm
                    T1CON   0x000fcd       data     extern C:\MCC18\v3_39\src\traditional\proc\p18F45K22.asm
                T1CONbits   0x000fcd       data     extern C:\MCC18\v3_39\src\traditional\proc\p18F45K22.asm
                   T1GCON   0x000fcc       data     extern C:\MCC18\v3_39\src\traditional\proc\p18F45K22.asm
               T1GCONbits   0x000fcc       data     extern C:\MCC18\v3_39\src\traditional\proc\p18F45K22.asm
                    T2CON   0x000fba       data     extern C:\MCC18\v3_39\src\traditional\proc\p18F45K22.asm
                T2CONbits   0x000fba       data     extern C:\MCC18\v3_39\src\traditional\proc\p18F45K22.asm
                    T3CON   0x000fb1       data     extern C:\MCC18\v3_39\src\traditional\proc\p18F45K22.asm
                T3CONbits   0x000fb1       data     extern C:\MCC18\v3_39\src\traditional\proc\p18F45K22.asm
                   T3GCON   0x000fb4       data     extern C:\MCC18\v3_39\src\traditional\proc\p18F45K22.asm
               T3GCONbits   0x000fb4       data     extern C:\MCC18\v3_39\src\traditional\proc\p18F45K22.asm
                    T4CON   0x000f51       data     extern C:\MCC18\v3_39\src\traditional\proc\p18F45K22.asm
                T4CONbits   0x000f51       data     extern C:\MCC18\v3_39\src\traditional\proc\p18F45K22.asm
                    T5CON   0x000f4e       data     extern C:\MCC18\v3_39\src\traditional\proc\p18F45K22.asm
                T5CONbits   0x000f4e       data     extern C:\MCC18\v3_39\src\traditional\proc\p18F45K22.asm
                   T5GCON   0x000f4d       data     extern C:\MCC18\v3_39\src\traditional\proc\p18F45K22.asm
               T5GCONbits   0x000f4d       data     extern C:\MCC18\v3_39\src\traditional\proc\p18F45K22.asm
                    T6CON   0x000f4a       data     extern C:\MCC18\v3_39\src\traditional\proc\p18F45K22.asm
                T6CONbits   0x000f4a       data     extern C:\MCC18\v3_39\src\traditional\proc\p18F45K22.asm
                   TABLAT   0x000ff5       data     extern C:\MCC18\v3_39\src\traditional\proc\p18F45K22.asm
                   TBLPTR   0x000ff6       data     extern C:\MCC18\v3_39\src\traditional\proc\p18F45K22.asm
                  TBLPTRH   0x000ff7       data     extern C:\MCC18\v3_39\src\traditional\proc\p18F45K22.asm
                  TBLPTRL   0x000ff6       data     extern C:\MCC18\v3_39\src\traditional\proc\p18F45K22.asm
                  TBLPTRU   0x000ff8       data     extern C:\MCC18\v3_39\src\traditional\proc\p18F45K22.asm
              TBLPTRUbits   0x000ff8       data     extern C:\MCC18\v3_39\src\traditional\proc\p18F45K22.asm
                    TMR0H   0x000fd7       data     extern C:\MCC18\v3_39\src\traditional\proc\p18F45K22.asm
                    TMR0L   0x000fd6       data     extern C:\MCC18\v3_39\src\traditional\proc\p18F45K22.asm
                    TMR1H   0x000fcf       data     extern C:\MCC18\v3_39\src\traditional\proc\p18F45K22.asm
                    TMR1L   0x000fce       data     extern C:\MCC18\v3_39\src\traditional\proc\p18F45K22.asm
                     TMR2   0x000fbc       data     extern C:\MCC18\v3_39\src\traditional\proc\p18F45K22.asm
                    TMR3H   0x000fb3       data     extern C:\MCC18\v3_39\src\traditional\proc\p18F45K22.asm
                    TMR3L   0x000fb2       data     extern C:\MCC18\v3_39\src\traditional\proc\p18F45K22.asm
                     TMR4   0x000f53       data     extern C:\MCC18\v3_39\src\traditional\proc\p18F45K22.asm
                    TMR5H   0x000f50       data     extern C:\MCC18\v3_39\src\traditional\proc\p18F45K22.asm
                    TMR5L   0x000f4f       data     extern C:\MCC18\v3_39\src\traditional\proc\p18F45K22.asm
                     TMR6   0x000f4c       data     extern C:\MCC18\v3_39\src\traditional\proc\p18F45K22.asm
                      TOS   0x000ffd       data     extern C:\MCC18\v3_39\src\traditional\proc\p18F45K22.asm
                     TOSH   0x000ffe       data     extern C:\MCC18\v3_39\src\traditional\proc\p18F45K22.asm
                     TOSL   0x000ffd       data     extern C:\MCC18\v3_39\src\traditional\proc\p18F45K22.asm
                     TOSU   0x000fff       data     extern C:\MCC18\v3_39\src\traditional\proc\p18F45K22.asm
                    TRISA   0x000f92       data     extern C:\MCC18\v3_39\src\traditional\proc\p18F45K22.asm
                TRISAbits   0x000f92       data     extern C:\MCC18\v3_39\src\traditional\proc\p18F45K22.asm
                    TRISB   0x000f93       data     extern C:\MCC18\v3_39\src\traditional\proc\p18F45K22.asm
                TRISBbits   0x000f93       data     extern C:\MCC18\v3_39\src\traditional\proc\p18F45K22.asm
                    TRISC   0x000f94       data     extern C:\MCC18\v3_39\src\traditional\proc\p18F45K22.asm
                TRISCbits   0x000f94       data     extern C:\MCC18\v3_39\src\traditional\proc\p18F45K22.asm
                    TRISD   0x000f95       data     extern C:\MCC18\v3_39\src\traditional\proc\p18F45K22.asm
                TRISDbits   0x000f95       data     extern C:\MCC18\v3_39\src\traditional\proc\p18F45K22.asm
                    TRISE   0x000f96       data     extern C:\MCC18\v3_39\src\traditional\proc\p18F45K22.asm
                TRISEbits   0x000f96       data     extern C:\MCC18\v3_39\src\traditional\proc\p18F45K22.asm
                   TX1REG   0x000fad       data     extern C:\MCC18\v3_39\src\traditional\proc\p18F45K22.asm
               TX1REGbits   0x000fad       data     extern C:\MCC18\v3_39\src\traditional\proc\p18F45K22.asm
                   TX1STA   0x000fac       data     extern C:\MCC18\v3_39\src\traditional\proc\p18F45K22.asm
               TX1STAbits   0x000fac       data     extern C:\MCC18\v3_39\src\traditional\proc\p18F45K22.asm
                   TX2REG   0x000f73       data     extern C:\MCC18\v3_39\src\traditional\proc\p18F45K22.asm
                   TX2STA   0x000f72       data     extern C:\MCC18\v3_39\src\traditional\proc\p18F45K22.asm
               TX2STAbits   0x000f72       data     extern C:\MCC18\v3_39\src\traditional\proc\p18F45K22.asm
                    TXREG   0x000fad       data     extern C:\MCC18\v3_39\src\traditional\proc\p18F45K22.asm
                   TXREG1   0x000fad       data     extern C:\MCC18\v3_39\src\traditional\proc\p18F45K22.asm
               TXREG1bits   0x000fad       data     extern C:\MCC18\v3_39\src\traditional\proc\p18F45K22.asm
                   TXREG2   0x000f73       data     extern C:\MCC18\v3_39\src\traditional\proc\p18F45K22.asm
                TXREGbits   0x000fad       data     extern C:\MCC18\v3_39\src\traditional\proc\p18F45K22.asm
                    TXSTA   0x000fac       data     extern C:\MCC18\v3_39\src\traditional\proc\p18F45K22.asm
                   TXSTA1   0x000fac       data     extern C:\MCC18\v3_39\src\traditional\proc\p18F45K22.asm
               TXSTA1bits   0x000fac       data     extern C:\MCC18\v3_39\src\traditional\proc\p18F45K22.asm
                   TXSTA2   0x000f72       data     extern C:\MCC18\v3_39\src\traditional\proc\p18F45K22.asm
               TXSTA2bits   0x000f72       data     extern C:\MCC18\v3_39\src\traditional\proc\p18F45K22.asm
                TXSTAbits   0x000fac       data     extern C:\MCC18\v3_39\src\traditional\proc\p18F45K22.asm
                 VREFCON0   0x000f42       data     extern C:\MCC18\v3_39\src\traditional\proc\p18F45K22.asm
             VREFCON0bits   0x000f42       data     extern C:\MCC18\v3_39\src\traditional\proc\p18F45K22.asm
                 VREFCON1   0x000f41       data     extern C:\MCC18\v3_39\src\traditional\proc\p18F45K22.asm
             VREFCON1bits   0x000f41       data     extern C:\MCC18\v3_39\src\traditional\proc\p18F45K22.asm
                 VREFCON2   0x000f40       data     extern C:\MCC18\v3_39\src\traditional\proc\p18F45K22.asm
             VREFCON2bits   0x000f40       data     extern C:\MCC18\v3_39\src\traditional\proc\p18F45K22.asm
                        W   0x000fe8       data     extern C:\MCC18\v3_39\src\traditional\proc\p18F45K22.asm
                   WDTCON   0x000fd1       data     extern C:\MCC18\v3_39\src\traditional\proc\p18F45K22.asm
               WDTCONbits   0x000fd1       data     extern C:\MCC18\v3_39\src\traditional\proc\p18F45K22.asm
                     WPUB   0x000f61       data     extern C:\MCC18\v3_39\src\traditional\proc\p18F45K22.asm
                 WPUBbits   0x000f61       data     extern C:\MCC18\v3_39\src\traditional\proc\p18F45K22.asm
                     WREG   0x000fe8       data     extern C:\MCC18\v3_39\src\traditional\proc\p18F45K22.asm
                __FPFLAGS   0x000001       data     extern C:\MCC18\v3_39\src\traditional\math\cmath18.asm
            __FPFLAGSbits   0x000001       data     extern C:\MCC18\v3_39\src\traditional\math\cmath18.asm
                  __tmp_0   0x000002       data     static /home/thibaut/workspace/ING4/microcontrollers/PicPicHero/src/music.c
                  __tmp_0   0x000002       data     static /home/thibaut/workspace/ING4/microcontrollers/PicPicHero/src/mask.c
                  __tmp_0   0x000002       data     static /home/thibaut/workspace/ING4/microcontrollers/PicPicHero/src/design.c
                  __tmp_0   0x000002       data     static /home/thibaut/workspace/ING4/microcontrollers/PicPicHero/src/ks0108.c
                curr_byte   0x000073       data     static C:\MCC18\v3_39\src\traditional\startup\c018i.c
               curr_entry   0x000075       data     static C:\MCC18\v3_39\src\traditional\startup\c018i.c
                 data_ptr   0x000077       data     static C:\MCC18\v3_39\src\traditional\startup\c018i.c
                        i   0x00007a       data     extern /home/thibaut/workspace/ING4/microcontrollers/PicPicHero/src/main.c
               length_sna   0x000068       data     extern /home/thibaut/workspace/ING4/microcontrollers/PicPicHero/src/music.c
                     prom   0x000070       data     static C:\MCC18\v3_39\src\traditional\startup\c018i.c
        seven_nation_army   0x000060       data     extern /home/thibaut/workspace/ING4/microcontrollers/PicPicHero/src/music.c
                        x   0x00007e       data     extern /home/thibaut/workspace/ING4/microcontrollers/PicPicHero/src/ks0108.c
                        y   0x00007f       data     extern /home/thibaut/workspace/ING4/microcontrollers/PicPicHero/src/ks0108.c
                    ynote   0x00007c       data     extern /home/thibaut/workspace/ING4/microcontrollers/PicPicHero/src/main.c



                              Symbols - Sorted by Address
                     Name    Address   Location    Storage File                     
                ---------  ---------  ---------  --------- ---------                
                   _entry   0x000000    program     extern C:\MCC18\v3_39\src\traditional\startup\c018i.c
       ___return_lbl00000   0x000004    program     static                          
                  acceuil   0x000014    program     extern /home/thibaut/workspace/ING4/microcontrollers/PicPicHero/src/ks0108.c
                  Font3x6   0x000414    program     extern /home/thibaut/workspace/ING4/microcontrollers/PicPicHero/src/ks0108.c
                  Font8x8   0x0004d7    program     extern /home/thibaut/workspace/ING4/microcontrollers/PicPicHero/src/ks0108.c
             first_screen   0x000cd8    program     extern /home/thibaut/workspace/ING4/microcontrollers/PicPicHero/src/design.c
      presentation_screen   0x000dae    program     extern /home/thibaut/workspace/ING4/microcontrollers/PicPicHero/src/design.c
              init_guitar   0x000f2c    program     extern /home/thibaut/workspace/ING4/microcontrollers/PicPicHero/src/design.c
              init_circle   0x0011a0    program     extern /home/thibaut/workspace/ING4/microcontrollers/PicPicHero/src/design.c
            remove_circle   0x001284    program     extern /home/thibaut/workspace/ING4/microcontrollers/PicPicHero/src/design.c
                init_game   0x001364    program     extern /home/thibaut/workspace/ING4/microcontrollers/PicPicHero/src/design.c
                   __pa_0   0x0013ac    program     static /home/thibaut/workspace/ING4/microcontrollers/PicPicHero/src/design.c
                   __pa_1   0x0013ba    program     static /home/thibaut/workspace/ING4/microcontrollers/PicPicHero/src/design.c
                   __pa_2   0x0013c2    program     static /home/thibaut/workspace/ING4/microcontrollers/PicPicHero/src/design.c
                   __pa_3   0x0013d4    program     static /home/thibaut/workspace/ING4/microcontrollers/PicPicHero/src/design.c
                   __pa_4   0x0013de    program     static /home/thibaut/workspace/ING4/microcontrollers/PicPicHero/src/design.c
                   __pa_5   0x0013e6    program     static /home/thibaut/workspace/ING4/microcontrollers/PicPicHero/src/design.c
                   __pa_6   0x00140c    program     static /home/thibaut/workspace/ING4/microcontrollers/PicPicHero/src/design.c
                   __pa_7   0x001416    program     static /home/thibaut/workspace/ING4/microcontrollers/PicPicHero/src/design.c
                   __pa_8   0x001426    program     static /home/thibaut/workspace/ING4/microcontrollers/PicPicHero/src/design.c
                   __pa_9   0x001430    program     static /home/thibaut/workspace/ING4/microcontrollers/PicPicHero/src/design.c
                  __pa_10   0x00143a    program     static /home/thibaut/workspace/ING4/microcontrollers/PicPicHero/src/design.c
                  __pa_11   0x001444    program     static /home/thibaut/workspace/ING4/microcontrollers/PicPicHero/src/design.c
                  __pa_12   0x001450    program     static /home/thibaut/workspace/ING4/microcontrollers/PicPicHero/src/design.c
                  __pa_13   0x00145c    program     static /home/thibaut/workspace/ING4/microcontrollers/PicPicHero/src/design.c
                  __pa_14   0x001468    program     static /home/thibaut/workspace/ING4/microcontrollers/PicPicHero/src/design.c
                  __pa_15   0x001476    program     static /home/thibaut/workspace/ING4/microcontrollers/PicPicHero/src/design.c
                  __pa_16   0x001484    program     static /home/thibaut/workspace/ING4/microcontrollers/PicPicHero/src/design.c
                  __pa_17   0x00148e    program     static /home/thibaut/workspace/ING4/microcontrollers/PicPicHero/src/design.c
                  __pa_18   0x001498    program     static /home/thibaut/workspace/ING4/microcontrollers/PicPicHero/src/design.c
                  __pa_19   0x0014a2    program     static /home/thibaut/workspace/ING4/microcontrollers/PicPicHero/src/design.c
                  __pa_20   0x0014ac    program     static /home/thibaut/workspace/ING4/microcontrollers/PicPicHero/src/design.c
                  __pa_21   0x0014b2    program     static /home/thibaut/workspace/ING4/microcontrollers/PicPicHero/src/design.c
                  __pa_22   0x0014ba    program     static /home/thibaut/workspace/ING4/microcontrollers/PicPicHero/src/design.c
                  __pa_23   0x0014c0    program     static /home/thibaut/workspace/ING4/microcontrollers/PicPicHero/src/design.c
                  __pa_24   0x0014c8    program     static /home/thibaut/workspace/ING4/microcontrollers/PicPicHero/src/design.c
                  __pa_25   0x0014d6    program     static /home/thibaut/workspace/ING4/microcontrollers/PicPicHero/src/design.c
                  __pa_26   0x0014e0    program     static /home/thibaut/workspace/ING4/microcontrollers/PicPicHero/src/design.c
                  __pa_27   0x0014ea    program     static /home/thibaut/workspace/ING4/microcontrollers/PicPicHero/src/design.c
                  __pa_28   0x0014f4    program     static /home/thibaut/workspace/ING4/microcontrollers/PicPicHero/src/design.c
                  __pa_29   0x0014fe    program     static /home/thibaut/workspace/ING4/microcontrollers/PicPicHero/src/design.c
                  __pa_30   0x00150c    program     static /home/thibaut/workspace/ING4/microcontrollers/PicPicHero/src/design.c
                  __pa_31   0x001512    program     static /home/thibaut/workspace/ING4/microcontrollers/PicPicHero/src/design.c
                  __pa_32   0x001518    program     static /home/thibaut/workspace/ING4/microcontrollers/PicPicHero/src/design.c
                  __pa_33   0x001522    program     static /home/thibaut/workspace/ING4/microcontrollers/PicPicHero/src/design.c
                  __pa_34   0x00152c    program     static /home/thibaut/workspace/ING4/microcontrollers/PicPicHero/src/design.c
                glcd_Init   0x001536    program     extern /home/thibaut/workspace/ING4/microcontrollers/PicPicHero/src/ks0108.c
         ___else_lbl00002   0x0015cc    program     static                          
           ___if_lbl00001   0x0015e6    program     static                          
       ___return_lbl00000   0x0015ec    program     static                          
           glcd_WriteByte   0x001600    program     extern /home/thibaut/workspace/ING4/microcontrollers/PicPicHero/src/ks0108.c
         ___else_lbl00005   0x001614    program     static                          
           ___if_lbl00004   0x001618    program     static                          
       ___return_lbl00003   0x00162e    program     static                          
            glcd_ReadByte   0x001636    program     extern /home/thibaut/workspace/ING4/microcontrollers/PicPicHero/src/ks0108.c
         ___else_lbl00008   0x00164c    program     static                          
           ___if_lbl00007   0x001650    program     static                          
       ___return_lbl00006   0x001668    program     static                          
           glcd_PlotPixel   0x001672    program     extern /home/thibaut/workspace/ING4/microcontrollers/PicPicHero/src/ks0108.c
          glcd_FillScreen   0x001706    program     extern /home/thibaut/workspace/ING4/microcontrollers/PicPicHero/src/ks0108.c
           glcd_SetCursor   0x001764    program     extern /home/thibaut/workspace/ING4/microcontrollers/PicPicHero/src/ks0108.c
        glcd_WriteChar8X8   0x0017c0    program     extern /home/thibaut/workspace/ING4/microcontrollers/PicPicHero/src/ks0108.c
        glcd_WriteChar3x6   0x00182c    program     extern /home/thibaut/workspace/ING4/microcontrollers/PicPicHero/src/ks0108.c
         glcd_WriteString   0x00188a    program     extern /home/thibaut/workspace/ING4/microcontrollers/PicPicHero/src/ks0108.c
               glcd_Image   0x0018b2    program     extern /home/thibaut/workspace/ING4/microcontrollers/PicPicHero/src/ks0108.c
                   __pa_0   0x00193e    program     static /home/thibaut/workspace/ING4/microcontrollers/PicPicHero/src/ks0108.c
                   __pa_1   0x001946    program     static /home/thibaut/workspace/ING4/microcontrollers/PicPicHero/src/ks0108.c
                   __pa_2   0x00196e    program     static /home/thibaut/workspace/ING4/microcontrollers/PicPicHero/src/ks0108.c
                   __pa_3   0x001992    program     static /home/thibaut/workspace/ING4/microcontrollers/PicPicHero/src/ks0108.c
                   __pa_4   0x0019a6    program     static /home/thibaut/workspace/ING4/microcontrollers/PicPicHero/src/ks0108.c
                   __pa_5   0x0019aa    program     static /home/thibaut/workspace/ING4/microcontrollers/PicPicHero/src/ks0108.c
                   __pa_6   0x0019b4    program     static /home/thibaut/workspace/ING4/microcontrollers/PicPicHero/src/ks0108.c
                   __pa_7   0x0019c4    program     static /home/thibaut/workspace/ING4/microcontrollers/PicPicHero/src/ks0108.c
                   __pa_8   0x0019dc    program     static /home/thibaut/workspace/ING4/microcontrollers/PicPicHero/src/ks0108.c
                   __pa_9   0x0019e4    program     static /home/thibaut/workspace/ING4/microcontrollers/PicPicHero/src/ks0108.c
                  __pa_10   0x0019f2    program     static /home/thibaut/workspace/ING4/microcontrollers/PicPicHero/src/ks0108.c
                  __pa_11   0x001a00    program     static /home/thibaut/workspace/ING4/microcontrollers/PicPicHero/src/ks0108.c
                  __pa_12   0x001a0a    program     static /home/thibaut/workspace/ING4/microcontrollers/PicPicHero/src/ks0108.c
                  __pa_13   0x001a3c    program     static /home/thibaut/workspace/ING4/microcontrollers/PicPicHero/src/ks0108.c
                  __pa_14   0x001a46    program     static /home/thibaut/workspace/ING4/microcontrollers/PicPicHero/src/ks0108.c
                  __pa_15   0x001a50    program     static /home/thibaut/workspace/ING4/microcontrollers/PicPicHero/src/ks0108.c
                  __pa_16   0x001a5a    program     static /home/thibaut/workspace/ING4/microcontrollers/PicPicHero/src/ks0108.c
                  __pa_17   0x001a60    program     static /home/thibaut/workspace/ING4/microcontrollers/PicPicHero/src/ks0108.c
                  __pa_18   0x001a6c    program     static /home/thibaut/workspace/ING4/microcontrollers/PicPicHero/src/ks0108.c
                  __pa_19   0x001a74    program     static /home/thibaut/workspace/ING4/microcontrollers/PicPicHero/src/ks0108.c
                  __pa_20   0x001a7c    program     static /home/thibaut/workspace/ING4/microcontrollers/PicPicHero/src/ks0108.c
               play_music   0x001a88    program     extern /home/thibaut/workspace/ING4/microcontrollers/PicPicHero/src/music.c
                play_note   0x001b0a    program     extern /home/thibaut/workspace/ING4/microcontrollers/PicPicHero/src/music.c
                   __pa_0   0x001b9a    program     static /home/thibaut/workspace/ING4/microcontrollers/PicPicHero/src/music.c
              display_row   0x001ba2    program     extern /home/thibaut/workspace/ING4/microcontrollers/PicPicHero/src/game.c
                clear_row   0x001bfe    program     extern /home/thibaut/workspace/ING4/microcontrollers/PicPicHero/src/game.c
                   __pa_0   0x001c24    program     static /home/thibaut/workspace/ING4/microcontrollers/PicPicHero/src/game.c
                   __pa_1   0x001c36    program     static /home/thibaut/workspace/ING4/microcontrollers/PicPicHero/src/game.c
                   __pa_2   0x001c42    program     static /home/thibaut/workspace/ING4/microcontrollers/PicPicHero/src/game.c
                   __pa_3   0x001c4c    program     static /home/thibaut/workspace/ING4/microcontrollers/PicPicHero/src/game.c
                _do_cinit   0x001c56    program     extern C:\MCC18\v3_39\src\traditional\startup\c018i.c
                     test   0x001c70    program     static                          
                copy_loop   0x001cc8    program     static                          
            copy_one_byte   0x001cce    program     static                          
             done_copying   0x001cdc    program     static                          
                     done   0x001cf2    program     static                          
       ___return_lbl00002   0x001cf2    program     static                          
                     main   0x001cf4    program     extern /home/thibaut/workspace/ING4/microcontrollers/PicPicHero/src/main.c
[...]
                   EEDATA   0x000fa8       data     extern C:\MCC18\v3_39\src\traditional\proc\p18F45K22.asm
                    EEADR   0x000fa9       data     extern C:\MCC18\v3_39\src\traditional\proc\p18F45K22.asm
                EEADRbits   0x000fa9       data     extern C:\MCC18\v3_39\src\traditional\proc\p18F45K22.asm
                   RCSTA1   0x000fab       data     extern C:\MCC18\v3_39\src\traditional\proc\p18F45K22.asm
                    RCSTA   0x000fab       data     extern C:\MCC18\v3_39\src\traditional\proc\p18F45K22.asm
               RCSTA1bits   0x000fab       data     extern C:\MCC18\v3_39\src\traditional\proc\p18F45K22.asm
                RCSTAbits   0x000fab       data     extern C:\MCC18\v3_39\src\traditional\proc\p18F45K22.asm
               RC1STAbits   0x000fab       data     extern C:\MCC18\v3_39\src\traditional\proc\p18F45K22.asm
                   RC1STA   0x000fab       data     extern C:\MCC18\v3_39\src\traditional\proc\p18F45K22.asm
                    TXSTA   0x000fac       data     extern C:\MCC18\v3_39\src\traditional\proc\p18F45K22.asm
                   TXSTA1   0x000fac       data     extern C:\MCC18\v3_39\src\traditional\proc\p18F45K22.asm
               TX1STAbits   0x000fac       data     extern C:\MCC18\v3_39\src\traditional\proc\p18F45K22.asm
                   TX1STA   0x000fac       data     extern C:\MCC18\v3_39\src\traditional\proc\p18F45K22.asm
               TXSTA1bits   0x000fac       data     extern C:\MCC18\v3_39\src\traditional\proc\p18F45K22.asm
                TXSTAbits   0x000fac       data     extern C:\MCC18\v3_39\src\traditional\proc\p18F45K22.asm
                    TXREG   0x000fad       data     extern C:\MCC18\v3_39\src\traditional\proc\p18F45K22.asm
                   TXREG1   0x000fad       data     extern C:\MCC18\v3_39\src\traditional\proc\p18F45K22.asm
               TXREG1bits   0x000fad       data     extern C:\MCC18\v3_39\src\traditional\proc\p18F45K22.asm
                TXREGbits   0x000fad       data     extern C:\MCC18\v3_39\src\traditional\proc\p18F45K22.asm
               TX1REGbits   0x000fad       data     extern C:\MCC18\v3_39\src\traditional\proc\p18F45K22.asm
                   TX1REG   0x000fad       data     extern C:\MCC18\v3_39\src\traditional\proc\p18F45K22.asm
                RCREGbits   0x000fae       data     extern C:\MCC18\v3_39\src\traditional\proc\p18F45K22.asm
               RCREG1bits   0x000fae       data     extern C:\MCC18\v3_39\src\traditional\proc\p18F45K22.asm
                   RCREG1   0x000fae       data     extern C:\MCC18\v3_39\src\traditional\proc\p18F45K22.asm
                    RCREG   0x000fae       data     extern C:\MCC18\v3_39\src\traditional\proc\p18F45K22.asm
               RC1REGbits   0x000fae       data     extern C:\MCC18\v3_39\src\traditional\proc\p18F45K22.asm
                   RC1REG   0x000fae       data     extern C:\MCC18\v3_39\src\traditional\proc\p18F45K22.asm
                SPBRGbits   0x000faf       data     extern C:\MCC18\v3_39\src\traditional\proc\p18F45K22.asm
               SPBRG1bits   0x000faf       data     extern C:\MCC18\v3_39\src\traditional\proc\p18F45K22.asm
                   SP1BRG   0x000faf       data     extern C:\MCC18\v3_39\src\traditional\proc\p18F45K22.asm
               SP1BRGbits   0x000faf       data     extern C:\MCC18\v3_39\src\traditional\proc\p18F45K22.asm
                   SPBRG1   0x000faf       data     extern C:\MCC18\v3_39\src\traditional\proc\p18F45K22.asm
                    SPBRG   0x000faf       data     extern C:\MCC18\v3_39\src\traditional\proc\p18F45K22.asm
                   SPBRGH   0x000fb0       data     extern C:\MCC18\v3_39\src\traditional\proc\p18F45K22.asm
                  SPBRGH1   0x000fb0       data     extern C:\MCC18\v3_39\src\traditional\proc\p18F45K22.asm
              SPBRGH1bits   0x000fb0       data     extern C:\MCC18\v3_39\src\traditional\proc\p18F45K22.asm
                  SP1BRGH   0x000fb0       data     extern C:\MCC18\v3_39\src\traditional\proc\p18F45K22.asm
               SPBRGHbits   0x000fb0       data     extern C:\MCC18\v3_39\src\traditional\proc\p18F45K22.asm
              SP1BRGHbits   0x000fb0       data     extern C:\MCC18\v3_39\src\traditional\proc\p18F45K22.asm
                    T3CON   0x000fb1       data     extern C:\MCC18\v3_39\src\traditional\proc\p18F45K22.asm
                T3CONbits   0x000fb1       data     extern C:\MCC18\v3_39\src\traditional\proc\p18F45K22.asm
                    TMR3L   0x000fb2       data     extern C:\MCC18\v3_39\src\traditional\proc\p18F45K22.asm
                    TMR3H   0x000fb3       data     extern C:\MCC18\v3_39\src\traditional\proc\p18F45K22.asm
                   T3GCON   0x000fb4       data     extern C:\MCC18\v3_39\src\traditional\proc\p18F45K22.asm
               T3GCONbits   0x000fb4       data     extern C:\MCC18\v3_39\src\traditional\proc\p18F45K22.asm
                  ECCP1AS   0x000fb6       data     extern C:\MCC18\v3_39\src\traditional\proc\p18F45K22.asm
               ECCPASbits   0x000fb6       data     extern C:\MCC18\v3_39\src\traditional\proc\p18F45K22.asm
              ECCP1ASbits   0x000fb6       data     extern C:\MCC18\v3_39\src\traditional\proc\p18F45K22.asm
                   ECCPAS   0x000fb6       data     extern C:\MCC18\v3_39\src\traditional\proc\p18F45K22.asm
                   PWMCON   0x000fb7       data     extern C:\MCC18\v3_39\src\traditional\proc\p18F45K22.asm
                  PWM1CON   0x000fb7       data     extern C:\MCC18\v3_39\src\traditional\proc\p18F45K22.asm
              PWM1CONbits   0x000fb7       data     extern C:\MCC18\v3_39\src\traditional\proc\p18F45K22.asm
               PWMCONbits   0x000fb7       data     extern C:\MCC18\v3_39\src\traditional\proc\p18F45K22.asm
              BAUDCTLbits   0x000fb8       data     extern C:\MCC18\v3_39\src\traditional\proc\p18F45K22.asm
                  BAUDCTL   0x000fb8       data     extern C:\MCC18\v3_39\src\traditional\proc\p18F45K22.asm
              BAUDCONbits   0x000fb8       data     extern C:\MCC18\v3_39\src\traditional\proc\p18F45K22.asm
             BAUDCON1bits   0x000fb8       data     extern C:\MCC18\v3_39\src\traditional\proc\p18F45K22.asm
                 BAUDCON1   0x000fb8       data     extern C:\MCC18\v3_39\src\traditional\proc\p18F45K22.asm
                  BAUDCON   0x000fb8       data     extern C:\MCC18\v3_39\src\traditional\proc\p18F45K22.asm
             BAUD1CONbits   0x000fb8       data     extern C:\MCC18\v3_39\src\traditional\proc\p18F45K22.asm
                 BAUD1CON   0x000fb8       data     extern C:\MCC18\v3_39\src\traditional\proc\p18F45K22.asm
                 PSTR1CON   0x000fb9       data     extern C:\MCC18\v3_39\src\traditional\proc\p18F45K22.asm
             PSTR1CONbits   0x000fb9       data     extern C:\MCC18\v3_39\src\traditional\proc\p18F45K22.asm
                  PSTRCON   0x000fb9       data     extern C:\MCC18\v3_39\src\traditional\proc\p18F45K22.asm
              PSTRCONbits   0x000fb9       data     extern C:\MCC18\v3_39\src\traditional\proc\p18F45K22.asm
                T2CONbits   0x000fba       data     extern C:\MCC18\v3_39\src\traditional\proc\p18F45K22.asm
                    T2CON   0x000fba       data     extern C:\MCC18\v3_39\src\traditional\proc\p18F45K22.asm
                      PR2   0x000fbb       data     extern C:\MCC18\v3_39\src\traditional\proc\p18F45K22.asm
                     TMR2   0x000fbc       data     extern C:\MCC18\v3_39\src\traditional\proc\p18F45K22.asm
                  CCP1CON   0x000fbd       data     extern C:\MCC18\v3_39\src\traditional\proc\p18F45K22.asm
              CCP1CONbits   0x000fbd       data     extern C:\MCC18\v3_39\src\traditional\proc\p18F45K22.asm
                    CCPR1   0x000fbe       data     extern C:\MCC18\v3_39\src\traditional\proc\p18F45K22.asm
                   CCPR1L   0x000fbe       data     extern C:\MCC18\v3_39\src\traditional\proc\p18F45K22.asm
                   CCPR1H   0x000fbf       data     extern C:\MCC18\v3_39\src\traditional\proc\p18F45K22.asm
               ADCON2bits   0x000fc0       data     extern C:\MCC18\v3_39\src\traditional\proc\p18F45K22.asm
                   ADCON2   0x000fc0       data     extern C:\MCC18\v3_39\src\traditional\proc\p18F45K22.asm
               ADCON1bits   0x000fc1       data     extern C:\MCC18\v3_39\src\traditional\proc\p18F45K22.asm
                   ADCON1   0x000fc1       data     extern C:\MCC18\v3_39\src\traditional\proc\p18F45K22.asm
                   ADCON0   0x000fc2       data     extern C:\MCC18\v3_39\src\traditional\proc\p18F45K22.asm
               ADCON0bits   0x000fc2       data     extern C:\MCC18\v3_39\src\traditional\proc\p18F45K22.asm
                    ADRES   0x000fc3       data     extern C:\MCC18\v3_39\src\traditional\proc\p18F45K22.asm
                   ADRESL   0x000fc3       data     extern C:\MCC18\v3_39\src\traditional\proc\p18F45K22.asm
                   ADRESH   0x000fc4       data     extern C:\MCC18\v3_39\src\traditional\proc\p18F45K22.asm
                  SSPCON2   0x000fc5       data     extern C:\MCC18\v3_39\src\traditional\proc\p18F45K22.asm
              SSPCON2bits   0x000fc5       data     extern C:\MCC18\v3_39\src\traditional\proc\p18F45K22.asm
             SSP1CON2bits   0x000fc5       data     extern C:\MCC18\v3_39\src\traditional\proc\p18F45K22.asm
                 SSP1CON2   0x000fc5       data     extern C:\MCC18\v3_39\src\traditional\proc\p18F45K22.asm
                 SSP1CON1   0x000fc6       data     extern C:\MCC18\v3_39\src\traditional\proc\p18F45K22.asm
             SSP1CON1bits   0x000fc6       data     extern C:\MCC18\v3_39\src\traditional\proc\p18F45K22.asm
                  SSPCON1   0x000fc6       data     extern C:\MCC18\v3_39\src\traditional\proc\p18F45K22.asm
              SSPCON1bits   0x000fc6       data     extern C:\MCC18\v3_39\src\traditional\proc\p18F45K22.asm
                 SSP1STAT   0x000fc7       data     extern C:\MCC18\v3_39\src\traditional\proc\p18F45K22.asm
             SSP1STATbits   0x000fc7       data     extern C:\MCC18\v3_39\src\traditional\proc\p18F45K22.asm
                  SSPSTAT   0x000fc7       data     extern C:\MCC18\v3_39\src\traditional\proc\p18F45K22.asm
              SSPSTATbits   0x000fc7       data     extern C:\MCC18\v3_39\src\traditional\proc\p18F45K22.asm
                  SSP1ADD   0x000fc8       data     extern C:\MCC18\v3_39\src\traditional\proc\p18F45K22.asm
              SSP1ADDbits   0x000fc8       data     extern C:\MCC18\v3_39\src\traditional\proc\p18F45K22.asm
               SSPADDbits   0x000fc8       data     extern C:\MCC18\v3_39\src\traditional\proc\p18F45K22.asm
                   SSPADD   0x000fc8       data     extern C:\MCC18\v3_39\src\traditional\proc\p18F45K22.asm
               SSPBUFbits   0x000fc9       data     extern C:\MCC18\v3_39\src\traditional\proc\p18F45K22.asm
                   SSPBUF   0x000fc9       data     extern C:\MCC18\v3_39\src\traditional\proc\p18F45K22.asm
              SSP1BUFbits   0x000fc9       data     extern C:\MCC18\v3_39\src\traditional\proc\p18F45K22.asm
                  SSP1BUF   0x000fc9       data     extern C:\MCC18\v3_39\src\traditional\proc\p18F45K22.asm
                  SSP1MSK   0x000fca       data     extern C:\MCC18\v3_39\src\traditional\proc\p18F45K22.asm
                   SSPMSK   0x000fca       data     extern C:\MCC18\v3_39\src\traditional\proc\p18F45K22.asm
               SSPMSKbits   0x000fca       data     extern C:\MCC18\v3_39\src\traditional\proc\p18F45K22.asm
              SSP1MSKbits   0x000fca       data     extern C:\MCC18\v3_39\src\traditional\proc\p18F45K22.asm
                  SSPCON3   0x000fcb       data     extern C:\MCC18\v3_39\src\traditional\proc\p18F45K22.asm
              SSPCON3bits   0x000fcb       data     extern C:\MCC18\v3_39\src\traditional\proc\p18F45K22.asm
                 SSP1CON3   0x000fcb       data     extern C:\MCC18\v3_39\src\traditional\proc\p18F45K22.asm
             SSP1CON3bits   0x000fcb       data     extern C:\MCC18\v3_39\src\traditional\proc\p18F45K22.asm
                   T1GCON   0x000fcc       data     extern C:\MCC18\v3_39\src\traditional\proc\p18F45K22.asm
               T1GCONbits   0x000fcc       data     extern C:\MCC18\v3_39\src\traditional\proc\p18F45K22.asm
                T1CONbits   0x000fcd       data     extern C:\MCC18\v3_39\src\traditional\proc\p18F45K22.asm
                    T1CON   0x000fcd       data     extern C:\MCC18\v3_39\src\traditional\proc\p18F45K22.asm
                    TMR1L   0x000fce       data     extern C:\MCC18\v3_39\src\traditional\proc\p18F45K22.asm
                    TMR1H   0x000fcf       data     extern C:\MCC18\v3_39\src\traditional\proc\p18F45K22.asm
                     RCON   0x000fd0       data     extern C:\MCC18\v3_39\src\traditional\proc\p18F45K22.asm
                 RCONbits   0x000fd0       data     extern C:\MCC18\v3_39\src\traditional\proc\p18F45K22.asm
               WDTCONbits   0x000fd1       data     extern C:\MCC18\v3_39\src\traditional\proc\p18F45K22.asm
                   WDTCON   0x000fd1       data     extern C:\MCC18\v3_39\src\traditional\proc\p18F45K22.asm
              OSCCON2bits   0x000fd2       data     extern C:\MCC18\v3_39\src\traditional\proc\p18F45K22.asm
                  OSCCON2   0x000fd2       data     extern C:\MCC18\v3_39\src\traditional\proc\p18F45K22.asm
               OSCCONbits   0x000fd3       data     extern C:\MCC18\v3_39\src\traditional\proc\p18F45K22.asm
                   OSCCON   0x000fd3       data     extern C:\MCC18\v3_39\src\traditional\proc\p18F45K22.asm
                    T0CON   0x000fd5       data     extern C:\MCC18\v3_39\src\traditional\proc\p18F45K22.asm
                T0CONbits   0x000fd5       data     extern C:\MCC18\v3_39\src\traditional\proc\p18F45K22.asm
                    TMR0L   0x000fd6       data     extern C:\MCC18\v3_39\src\traditional\proc\p18F45K22.asm
                    TMR0H   0x000fd7       data     extern C:\MCC18\v3_39\src\traditional\proc\p18F45K22.asm
                   STATUS   0x000fd8       data     extern C:\MCC18\v3_39\src\traditional\proc\p18F45K22.asm
               STATUSbits   0x000fd8       data     extern C:\MCC18\v3_39\src\traditional\proc\p18F45K22.asm
                    FSR2L   0x000fd9       data     extern C:\MCC18\v3_39\src\traditional\proc\p18F45K22.asm
                     FSR2   0x000fd9       data     extern C:\MCC18\v3_39\src\traditional\proc\p18F45K22.asm
                    FSR2H   0x000fda       data     extern C:\MCC18\v3_39\src\traditional\proc\p18F45K22.asm
                   PLUSW2   0x000fdb       data     extern C:\MCC18\v3_39\src\traditional\proc\p18F45K22.asm
                  PREINC2   0x000fdc       data     extern C:\MCC18\v3_39\src\traditional\proc\p18F45K22.asm
                 POSTDEC2   0x000fdd       data     extern C:\MCC18\v3_39\src\traditional\proc\p18F45K22.asm
                 POSTINC2   0x000fde       data     extern C:\MCC18\v3_39\src\traditional\proc\p18F45K22.asm
                    INDF2   0x000fdf       data     extern C:\MCC18\v3_39\src\traditional\proc\p18F45K22.asm
                      BSR   0x000fe0       data     extern C:\MCC18\v3_39\src\traditional\proc\p18F45K22.asm
                    FSR1L   0x000fe1       data     extern C:\MCC18\v3_39\src\traditional\proc\p18F45K22.asm
                     FSR1   0x000fe1       data     extern C:\MCC18\v3_39\src\traditional\proc\p18F45K22.asm
                    FSR1H   0x000fe2       data     extern C:\MCC18\v3_39\src\traditional\proc\p18F45K22.asm
                   PLUSW1   0x000fe3       data     extern C:\MCC18\v3_39\src\traditional\proc\p18F45K22.asm
                  PREINC1   0x000fe4       data     extern C:\MCC18\v3_39\src\traditional\proc\p18F45K22.asm
                 POSTDEC1   0x000fe5       data     extern C:\MCC18\v3_39\src\traditional\proc\p18F45K22.asm
                 POSTINC1   0x000fe6       data     extern C:\MCC18\v3_39\src\traditional\proc\p18F45K22.asm
                    INDF1   0x000fe7       data     extern C:\MCC18\v3_39\src\traditional\proc\p18F45K22.asm
                        W   0x000fe8       data     extern C:\MCC18\v3_39\src\traditional\proc\p18F45K22.asm
                     WREG   0x000fe8       data     extern C:\MCC18\v3_39\src\traditional\proc\p18F45K22.asm
                    FSR0L   0x000fe9       data     extern C:\MCC18\v3_39\src\traditional\proc\p18F45K22.asm
                     FSR0   0x000fe9       data     extern C:\MCC18\v3_39\src\traditional\proc\p18F45K22.asm
                    FSR0H   0x000fea       data     extern C:\MCC18\v3_39\src\traditional\proc\p18F45K22.asm
                   PLUSW0   0x000feb       data     extern C:\MCC18\v3_39\src\traditional\proc\p18F45K22.asm
                  PREINC0   0x000fec       data     extern C:\MCC18\v3_39\src\traditional\proc\p18F45K22.asm
                 POSTDEC0   0x000fed       data     extern C:\MCC18\v3_39\src\traditional\proc\p18F45K22.asm
                 POSTINC0   0x000fee       data     extern C:\MCC18\v3_39\src\traditional\proc\p18F45K22.asm
                    INDF0   0x000fef       data     extern C:\MCC18\v3_39\src\traditional\proc\p18F45K22.asm
              INTCON3bits   0x000ff0       data     extern C:\MCC18\v3_39\src\traditional\proc\p18F45K22.asm
                  INTCON3   0x000ff0       data     extern C:\MCC18\v3_39\src\traditional\proc\p18F45K22.asm
                  INTCON2   0x000ff1       data     extern C:\MCC18\v3_39\src\traditional\proc\p18F45K22.asm
              INTCON2bits   0x000ff1       data     extern C:\MCC18\v3_39\src\traditional\proc\p18F45K22.asm
                   INTCON   0x000ff2       data     extern C:\MCC18\v3_39\src\traditional\proc\p18F45K22.asm
               INTCONbits   0x000ff2       data     extern C:\MCC18\v3_39\src\traditional\proc\p18F45K22.asm
                     PROD   0x000ff3       data     extern C:\MCC18\v3_39\src\traditional\proc\p18F45K22.asm
                    PRODL   0x000ff3       data     extern C:\MCC18\v3_39\src\traditional\proc\p18F45K22.asm
                    PRODH   0x000ff4       data     extern C:\MCC18\v3_39\src\traditional\proc\p18F45K22.asm
                   TABLAT   0x000ff5       data     extern C:\MCC18\v3_39\src\traditional\proc\p18F45K22.asm
                   TBLPTR   0x000ff6       data     extern C:\MCC18\v3_39\src\traditional\proc\p18F45K22.asm
                  TBLPTRL   0x000ff6       data     extern C:\MCC18\v3_39\src\traditional\proc\p18F45K22.asm
                  TBLPTRH   0x000ff7       data     extern C:\MCC18\v3_39\src\traditional\proc\p18F45K22.asm
              TBLPTRUbits   0x000ff8       data     extern C:\MCC18\v3_39\src\traditional\proc\p18F45K22.asm
                  TBLPTRU   0x000ff8       data     extern C:\MCC18\v3_39\src\traditional\proc\p18F45K22.asm
                      PCL   0x000ff9       data     extern C:\MCC18\v3_39\src\traditional\proc\p18F45K22.asm
                       PC   0x000ff9       data     extern C:\MCC18\v3_39\src\traditional\proc\p18F45K22.asm
                   PCLATH   0x000ffa       data     extern C:\MCC18\v3_39\src\traditional\proc\p18F45K22.asm
                   PCLATU   0x000ffb       data     extern C:\MCC18\v3_39\src\traditional\proc\p18F45K22.asm
                   STKPTR   0x000ffc       data     extern C:\MCC18\v3_39\src\traditional\proc\p18F45K22.asm
               STKPTRbits   0x000ffc       data     extern C:\MCC18\v3_39\src\traditional\proc\p18F45K22.asm
                     TOSL   0x000ffd       data     extern C:\MCC18\v3_39\src\traditional\proc\p18F45K22.asm
                      TOS   0x000ffd       data     extern C:\MCC18\v3_39\src\traditional\proc\p18F45K22.asm
                     TOSH   0x000ffe       data     extern C:\MCC18\v3_39\src\traditional\proc\p18F45K22.asm
                     TOSU   0x000fff       data     extern C:\MCC18\v3_39\src\traditional\proc\p18F45K22.asm


